Archive member included to satisfy reference by file (symbol)

c:/program files (x86)/atollic/truestudio for stm32 9.2.0/armtools/bin/../lib/gcc/arm-atollic-eabi/6.3.1/../../../../arm-atollic-eabi/lib/armv7-m\libc_nano.a(lib_a-errno.o)
                              Src\syscalls.o (__errno)
c:/program files (x86)/atollic/truestudio for stm32 9.2.0/armtools/bin/../lib/gcc/arm-atollic-eabi/6.3.1/../../../../arm-atollic-eabi/lib/armv7-m\libc_nano.a(lib_a-impure.o)
                              c:/program files (x86)/atollic/truestudio for stm32 9.2.0/armtools/bin/../lib/gcc/arm-atollic-eabi/6.3.1/../../../../arm-atollic-eabi/lib/armv7-m\libc_nano.a(lib_a-errno.o) (_impure_ptr)
c:/program files (x86)/atollic/truestudio for stm32 9.2.0/armtools/bin/../lib/gcc/arm-atollic-eabi/6.3.1/../../../../arm-atollic-eabi/lib/armv7-m\libc_nano.a(lib_a-init.o)
                              startup\startup_stm32f103xb.o (__libc_init_array)
c:/program files (x86)/atollic/truestudio for stm32 9.2.0/armtools/bin/../lib/gcc/arm-atollic-eabi/6.3.1/../../../../arm-atollic-eabi/lib/armv7-m\libc_nano.a(lib_a-memcpy-stub.o)
                              Middlewares\Third_Party\FreeRTOS\Source\queue.o (memcpy)
c:/program files (x86)/atollic/truestudio for stm32 9.2.0/armtools/bin/../lib/gcc/arm-atollic-eabi/6.3.1/../../../../arm-atollic-eabi/lib/armv7-m\libc_nano.a(lib_a-memset.o)
                              Drivers\STM32F1xx_HAL_Driver\Src\stm32f1xx_hal_rcc.o (memset)
c:/program files (x86)/atollic/truestudio for stm32 9.2.0/armtools/bin/../lib/gcc/arm-atollic-eabi/6.3.1/armv7-m\libgcc.a(_lshrdi3.o)
                              Drivers\STM32F1xx_HAL_Driver\Src\stm32f1xx_hal_flash.o (__aeabi_llsr)

Allocating common symbols
Common symbol       size              file

defaultTaskHandle   0x4               Src\main.o
htim4               0x40              Src\stm32f1xx_hal_timebase_tim.o
uwTick              0x4               Drivers\STM32F1xx_HAL_Driver\Src\stm32f1xx_hal.o
xQueueRegistry      0x40              Middlewares\Third_Party\FreeRTOS\Source\queue.o
pFlash              0x20              Drivers\STM32F1xx_HAL_Driver\Src\stm32f1xx_hal_flash.o
hadc1               0x30              Src\main.o
hdma_adc1           0x44              Src\main.o
JoystickXBuffer     0x4               Src\Joystick.o
lfsr                0x4               Src\PRNG_LFSR.o
JoystickYBuffer     0x4               Src\Joystick.o
htim2               0x40              Src\main.o

Discarded input sections

 .text          0x00000000        0x0 c:/program files (x86)/atollic/truestudio for stm32 9.2.0/armtools/bin/../lib/gcc/arm-atollic-eabi/6.3.1/armv7-m/crti.o
 .data          0x00000000        0x0 c:/program files (x86)/atollic/truestudio for stm32 9.2.0/armtools/bin/../lib/gcc/arm-atollic-eabi/6.3.1/armv7-m/crti.o
 .bss           0x00000000        0x0 c:/program files (x86)/atollic/truestudio for stm32 9.2.0/armtools/bin/../lib/gcc/arm-atollic-eabi/6.3.1/armv7-m/crti.o
 .data          0x00000000        0x4 c:/program files (x86)/atollic/truestudio for stm32 9.2.0/armtools/bin/../lib/gcc/arm-atollic-eabi/6.3.1/armv7-m/crtbegin.o
 .text          0x00000000        0x0 Drivers\STM32F1xx_HAL_Driver\Src\stm32f1xx_hal.o
 .data          0x00000000        0x0 Drivers\STM32F1xx_HAL_Driver\Src\stm32f1xx_hal.o
 .bss           0x00000000        0x0 Drivers\STM32F1xx_HAL_Driver\Src\stm32f1xx_hal.o
 .text.HAL_MspInit
                0x00000000        0x2 Drivers\STM32F1xx_HAL_Driver\Src\stm32f1xx_hal.o
 .text.HAL_MspDeInit
                0x00000000        0x2 Drivers\STM32F1xx_HAL_Driver\Src\stm32f1xx_hal.o
 .text.HAL_DeInit
                0x00000000       0x20 Drivers\STM32F1xx_HAL_Driver\Src\stm32f1xx_hal.o
 .text.HAL_InitTick
                0x00000000       0x48 Drivers\STM32F1xx_HAL_Driver\Src\stm32f1xx_hal.o
 .text.HAL_GetTickPrio
                0x00000000        0xc Drivers\STM32F1xx_HAL_Driver\Src\stm32f1xx_hal.o
 .text.HAL_SetTickFreq
                0x00000000       0x24 Drivers\STM32F1xx_HAL_Driver\Src\stm32f1xx_hal.o
 .text.HAL_GetTickFreq
                0x00000000        0xc Drivers\STM32F1xx_HAL_Driver\Src\stm32f1xx_hal.o
 .text.HAL_Delay
                0x00000000       0x24 Drivers\STM32F1xx_HAL_Driver\Src\stm32f1xx_hal.o
 .text.HAL_SuspendTick
                0x00000000       0x10 Drivers\STM32F1xx_HAL_Driver\Src\stm32f1xx_hal.o
 .text.HAL_ResumeTick
                0x00000000       0x10 Drivers\STM32F1xx_HAL_Driver\Src\stm32f1xx_hal.o
 .text.HAL_GetHalVersion
                0x00000000        0x8 Drivers\STM32F1xx_HAL_Driver\Src\stm32f1xx_hal.o
 .text.HAL_GetREVID
                0x00000000        0xc Drivers\STM32F1xx_HAL_Driver\Src\stm32f1xx_hal.o
 .text.HAL_GetDEVID
                0x00000000       0x10 Drivers\STM32F1xx_HAL_Driver\Src\stm32f1xx_hal.o
 .text.HAL_DBGMCU_EnableDBGSleepMode
                0x00000000       0x10 Drivers\STM32F1xx_HAL_Driver\Src\stm32f1xx_hal.o
[...]
Memory Configuration

Name             Origin             Length             Attributes
RAM              0x20000000         0x00005000         xrw
FLASH            0x08000000         0x00010000         xr
*default*        0x00000000         0xffffffff

Linker script and memory map

LOAD c:/program files (x86)/atollic/truestudio for stm32 9.2.0/armtools/bin/../lib/gcc/arm-atollic-eabi/6.3.1/armv7-m/crti.o
LOAD c:/program files (x86)/atollic/truestudio for stm32 9.2.0/armtools/bin/../lib/gcc/arm-atollic-eabi/6.3.1/armv7-m/crtbegin.o
LOAD Drivers\STM32F1xx_HAL_Driver\Src\stm32f1xx_hal.o
LOAD Drivers\STM32F1xx_HAL_Driver\Src\stm32f1xx_hal_adc.o
LOAD Drivers\STM32F1xx_HAL_Driver\Src\stm32f1xx_hal_adc_ex.o
LOAD Drivers\STM32F1xx_HAL_Driver\Src\stm32f1xx_hal_cortex.o
LOAD Drivers\STM32F1xx_HAL_Driver\Src\stm32f1xx_hal_dma.o
LOAD Drivers\STM32F1xx_HAL_Driver\Src\stm32f1xx_hal_flash.o
LOAD Drivers\STM32F1xx_HAL_Driver\Src\stm32f1xx_hal_flash_ex.o
LOAD Drivers\STM32F1xx_HAL_Driver\Src\stm32f1xx_hal_gpio.o
LOAD Drivers\STM32F1xx_HAL_Driver\Src\stm32f1xx_hal_gpio_ex.o
LOAD Drivers\STM32F1xx_HAL_Driver\Src\stm32f1xx_hal_pwr.o
LOAD Drivers\STM32F1xx_HAL_Driver\Src\stm32f1xx_hal_rcc.o
LOAD Drivers\STM32F1xx_HAL_Driver\Src\stm32f1xx_hal_rcc_ex.o
LOAD Drivers\STM32F1xx_HAL_Driver\Src\stm32f1xx_hal_tim.o
LOAD Drivers\STM32F1xx_HAL_Driver\Src\stm32f1xx_hal_tim_ex.o
LOAD Middlewares\Third_Party\FreeRTOS\Source\CMSIS_RTOS\cmsis_os.o
LOAD Middlewares\Third_Party\FreeRTOS\Source\croutine.o
LOAD Middlewares\Third_Party\FreeRTOS\Source\event_groups.o
LOAD Middlewares\Third_Party\FreeRTOS\Source\list.o
LOAD Middlewares\Third_Party\FreeRTOS\Source\portable\GCC\ARM_CM3\port.o
LOAD Middlewares\Third_Party\FreeRTOS\Source\portable\MemMang\heap_4.o
LOAD Middlewares\Third_Party\FreeRTOS\Source\queue.o
LOAD Middlewares\Third_Party\FreeRTOS\Source\tasks.o
LOAD Middlewares\Third_Party\FreeRTOS\Source\timers.o
LOAD Src\ArrowQueue.o
LOAD Src\GameControl.o
LOAD Src\Joystick.o
LOAD Src\NOKIA5110_fb.o
LOAD Src\PRNG_LFSR.o
LOAD Src\Scenes\Figuras.o
LOAD Src\Scenes\Game.o
LOAD Src\Scenes\GameOver.o
LOAD Src\Scenes\Pause.o
LOAD Src\Scenes\Start.o
LOAD Src\StateManager.o
LOAD Src\atraso.o
LOAD Src\freertos.o
LOAD Src\main.o
LOAD Src\sound.o
LOAD Src\stm32f1xx_hal_msp.o
LOAD Src\stm32f1xx_hal_timebase_tim.o
LOAD Src\stm32f1xx_it.o
LOAD Src\syscalls.o
LOAD Src\system_stm32f1xx.o
LOAD startup\startup_stm32f103xb.o
                0x00000080                malloc_getpagesize_P = 0x80
START GROUP
LOAD c:/program files (x86)/atollic/truestudio for stm32 9.2.0/armtools/bin/../lib/gcc/arm-atollic-eabi/6.3.1/../../../../arm-atollic-eabi/lib/armv7-m\libc_nano.a
LOAD c:/program files (x86)/atollic/truestudio for stm32 9.2.0/armtools/bin/../lib/gcc/arm-atollic-eabi/6.3.1/../../../../arm-atollic-eabi/lib/armv7-m\libm.a
END GROUP
START GROUP
LOAD c:/program files (x86)/atollic/truestudio for stm32 9.2.0/armtools/bin/../lib/gcc/arm-atollic-eabi/6.3.1/armv7-m\libgcc.a
LOAD c:/program files (x86)/atollic/truestudio for stm32 9.2.0/armtools/bin/../lib/gcc/arm-atollic-eabi/6.3.1/../../../../arm-atollic-eabi/lib/armv7-m\libc_nano.a
END GROUP
START GROUP
LOAD c:/program files (x86)/atollic/truestudio for stm32 9.2.0/armtools/bin/../lib/gcc/arm-atollic-eabi/6.3.1/armv7-m\libgcc.a
LOAD c:/program files (x86)/atollic/truestudio for stm32 9.2.0/armtools/bin/../lib/gcc/arm-atollic-eabi/6.3.1/../../../../arm-atollic-eabi/lib/armv7-m\libc_nano.a
LOAD c:/program files (x86)/atollic/truestudio for stm32 9.2.0/armtools/bin/../lib/gcc/arm-atollic-eabi/6.3.1/../../../../arm-atollic-eabi/lib/armv7-m\libnosys.a
END GROUP
START GROUP
LOAD c:/program files (x86)/atollic/truestudio for stm32 9.2.0/armtools/bin/../lib/gcc/arm-atollic-eabi/6.3.1/armv7-m\libgcc.a
LOAD c:/program files (x86)/atollic/truestudio for stm32 9.2.0/armtools/bin/../lib/gcc/arm-atollic-eabi/6.3.1/../../../../arm-atollic-eabi/lib/armv7-m\libc_nano.a
LOAD c:/program files (x86)/atollic/truestudio for stm32 9.2.0/armtools/bin/../lib/gcc/arm-atollic-eabi/6.3.1/../../../../arm-atollic-eabi/lib/armv7-m\libnosys.a
END GROUP
LOAD c:/program files (x86)/atollic/truestudio for stm32 9.2.0/armtools/bin/../lib/gcc/arm-atollic-eabi/6.3.1/armv7-m/crtend.o
LOAD c:/program files (x86)/atollic/truestudio for stm32 9.2.0/armtools/bin/../lib/gcc/arm-atollic-eabi/6.3.1/armv7-m/crtn.o
                0x20005000                _estack = 0x20005000
                0x00000200                _Min_Heap_Size = 0x200
                0x00000400                _Min_Stack_Size = 0x400

.isr_vector     0x08000000      0x10c
                0x08000000                . = ALIGN (0x4)
 *(.isr_vector)
 .isr_vector    0x08000000      0x10c startup\startup_stm32f103xb.o
                0x08000000                g_pfnVectors
                0x0800010c                . = ALIGN (0x4)

.text           0x08000110     0x3b6c
                0x08000110                . = ALIGN (0x4)
 *(.text)
 .text          0x08000110       0x40 c:/program files (x86)/atollic/truestudio for stm32 9.2.0/armtools/bin/../lib/gcc/arm-atollic-eabi/6.3.1/armv7-m/crtbegin.o
 *(.text*)
 .text.HAL_Init
                0x08000150       0x24 Drivers\STM32F1xx_HAL_Driver\Src\stm32f1xx_hal.o
                0x08000150                HAL_Init
 .text.HAL_IncTick
                0x08000174       0x18 Drivers\STM32F1xx_HAL_Driver\Src\stm32f1xx_hal.o
                0x08000174                HAL_IncTick
 .text.HAL_GetTick
                0x0800018c        0xc Drivers\STM32F1xx_HAL_Driver\Src\stm32f1xx_hal.o
                0x0800018c                HAL_GetTick
 .text.ADC_DMAConvCplt
                0x08000198       0x4e Drivers\STM32F1xx_HAL_Driver\Src\stm32f1xx_hal_adc.o
                0x08000198                ADC_DMAConvCplt
 .text.HAL_ADC_ConvHalfCpltCallback
                0x080001e6        0x2 Drivers\STM32F1xx_HAL_Driver\Src\stm32f1xx_hal_adc.o
                0x080001e6                HAL_ADC_ConvHalfCpltCallback
 .text.ADC_DMAHalfConvCplt
                0x080001e8        0xa Drivers\STM32F1xx_HAL_Driver\Src\stm32f1xx_hal_adc.o
                0x080001e8                ADC_DMAHalfConvCplt
 .text.HAL_ADC_LevelOutOfWindowCallback
                0x080001f2        0x2 Drivers\STM32F1xx_HAL_Driver\Src\stm32f1xx_hal_adc.o
                0x080001f2                HAL_ADC_LevelOutOfWindowCallback
 .text.HAL_ADC_IRQHandler
                0x080001f4       0xec Drivers\STM32F1xx_HAL_Driver\Src\stm32f1xx_hal_adc.o
                0x080001f4                HAL_ADC_IRQHandler
 .text.HAL_ADC_ErrorCallback
                0x080002e0        0x2 Drivers\STM32F1xx_HAL_Driver\Src\stm32f1xx_hal_adc.o
                0x080002e0                HAL_ADC_ErrorCallback
 .text.ADC_DMAError
                0x080002e2       0x1a Drivers\STM32F1xx_HAL_Driver\Src\stm32f1xx_hal_adc.o
                0x080002e2                ADC_DMAError
 .text.HAL_ADC_ConfigChannel
                0x080002fc      0x108 Drivers\STM32F1xx_HAL_Driver\Src\stm32f1xx_hal_adc.o
                0x080002fc                HAL_ADC_ConfigChannel
 .text.ADC_Enable
                0x08000404       0x70 Drivers\STM32F1xx_HAL_Driver\Src\stm32f1xx_hal_adc.o
                0x08000404                ADC_Enable
 .text.HAL_ADC_Start_IT
                0x08000474       0xcc Drivers\STM32F1xx_HAL_Driver\Src\stm32f1xx_hal_adc.o
                0x08000474                HAL_ADC_Start_IT
 .text.HAL_ADC_Start_DMA
                0x08000540      0x11c Drivers\STM32F1xx_HAL_Driver\Src\stm32f1xx_hal_adc.o
                0x08000540                HAL_ADC_Start_DMA
 .text.ADC_ConversionStop_Disable
                0x0800065c       0x44 Drivers\STM32F1xx_HAL_Driver\Src\stm32f1xx_hal_adc.o
                0x0800065c                ADC_ConversionStop_Disable
 .text.HAL_ADC_Init
                0x080006a0      0x100 Drivers\STM32F1xx_HAL_Driver\Src\stm32f1xx_hal_adc.o
                0x080006a0                HAL_ADC_Init
 .text.HAL_ADCEx_InjectedConvCpltCallback
                0x080007a0        0x2 Drivers\STM32F1xx_HAL_Driver\Src\stm32f1xx_hal_adc_ex.o
                0x080007a0                HAL_ADCEx_InjectedConvCpltCallback
 *fill*         0x080007a2        0x2 
 .text.HAL_NVIC_SetPriorityGrouping
                0x080007a4       0x24 Drivers\STM32F1xx_HAL_Driver\Src\stm32f1xx_hal_cortex.o
                0x080007a4                HAL_NVIC_SetPriorityGrouping
 .text.HAL_NVIC_SetPriority
                0x080007c8       0x68 Drivers\STM32F1xx_HAL_Driver\Src\stm32f1xx_hal_cortex.o
                0x080007c8                HAL_NVIC_SetPriority
 .text.HAL_NVIC_EnableIRQ
                0x08000830       0x18 Drivers\STM32F1xx_HAL_Driver\Src\stm32f1xx_hal_cortex.o
                0x08000830                HAL_NVIC_EnableIRQ
 .text.HAL_DMA_Init
                0x08000848       0x60 Drivers\STM32F1xx_HAL_Driver\Src\stm32f1xx_hal_dma.o
                0x08000848                HAL_DMA_Init
 .text.HAL_DMA_Start_IT
                0x080008a8       0x7a Drivers\STM32F1xx_HAL_Driver\Src\stm32f1xx_hal_dma.o
                0x080008a8                HAL_DMA_Start_IT
 *fill*         0x08000922        0x2 
 .text.HAL_DMA_IRQHandler
                0x08000924      0x128 Drivers\STM32F1xx_HAL_Driver\Src\stm32f1xx_hal_dma.o
                0x08000924                HAL_DMA_IRQHandler
 .text.HAL_GPIO_Init
                0x08000a4c      0x1c0 Drivers\STM32F1xx_HAL_Driver\Src\stm32f1xx_hal_gpio.o
                0x08000a4c                HAL_GPIO_Init
 .text.HAL_GPIO_ReadPin
                0x08000c0c        0xc Drivers\STM32F1xx_HAL_Driver\Src\stm32f1xx_hal_gpio.o
                0x08000c0c                HAL_GPIO_ReadPin
 .text.HAL_GPIO_WritePin
                0x08000c18        0xa Drivers\STM32F1xx_HAL_Driver\Src\stm32f1xx_hal_gpio.o
                0x08000c18                HAL_GPIO_WritePin
 *fill*         0x08000c22        0x2 
 .text.HAL_RCC_OscConfig
                0x08000c24      0x318 Drivers\STM32F1xx_HAL_Driver\Src\stm32f1xx_hal_rcc.o
                0x08000c24                HAL_RCC_OscConfig
 .text.HAL_RCC_GetSysClockFreq
                0x08000f3c       0x78 Drivers\STM32F1xx_HAL_Driver\Src\stm32f1xx_hal_rcc.o
                0x08000f3c                HAL_RCC_GetSysClockFreq
 .text.HAL_RCC_ClockConfig
                0x08000fb4      0x164 Drivers\STM32F1xx_HAL_Driver\Src\stm32f1xx_hal_rcc.o
                0x08000fb4                HAL_RCC_ClockConfig
 .text.HAL_RCC_GetPCLK1Freq
                0x08001118       0x20 Drivers\STM32F1xx_HAL_Driver\Src\stm32f1xx_hal_rcc.o
                0x08001118                HAL_RCC_GetPCLK1Freq
 .text.HAL_RCC_GetClockConfig
                0x08001138       0x3c Drivers\STM32F1xx_HAL_Driver\Src\stm32f1xx_hal_rcc.o
                0x08001138                HAL_RCC_GetClockConfig
 .text.HAL_RCCEx_PeriphCLKConfig
                0x08001174       0xf0 Drivers\STM32F1xx_HAL_Driver\Src\stm32f1xx_hal_rcc_ex.o
                0x08001174                HAL_RCCEx_PeriphCLKConfig
 .text.TIM_OC1_SetConfig
                0x08001264       0x50 Drivers\STM32F1xx_HAL_Driver\Src\stm32f1xx_hal_tim.o
 .text.TIM_OC3_SetConfig
                0x080012b4       0x54 Drivers\STM32F1xx_HAL_Driver\Src\stm32f1xx_hal_tim.o
 .text.TIM_OC4_SetConfig
                0x08001308       0x44 Drivers\STM32F1xx_HAL_Driver\Src\stm32f1xx_hal_tim.o
 .text.HAL_TIM_Base_Start_IT
                0x0800134c       0x16 Drivers\STM32F1xx_HAL_Driver\Src\stm32f1xx_hal_tim.o
                0x0800134c                HAL_TIM_Base_Start_IT
 .text.HAL_TIM_PWM_MspInit
                0x08001362        0x2 Drivers\STM32F1xx_HAL_Driver\Src\stm32f1xx_hal_tim.o
                0x08001362                HAL_TIM_PWM_MspInit
 .text.HAL_TIM_ConfigClockSource
                0x08001364      0x172 Drivers\STM32F1xx_HAL_Driver\Src\stm32f1xx_hal_tim.o
                0x08001364                HAL_TIM_ConfigClockSource
 .text.HAL_TIM_OC_DelayElapsedCallback
                0x080014d6        0x2 Drivers\STM32F1xx_HAL_Driver\Src\stm32f1xx_hal_tim.o
                0x080014d6                HAL_TIM_OC_DelayElapsedCallback
 .text.HAL_TIM_IC_CaptureCallback
                0x080014d8        0x2 Drivers\STM32F1xx_HAL_Driver\Src\stm32f1xx_hal_tim.o
                0x080014d8                HAL_TIM_IC_CaptureCallback
 .text.HAL_TIM_PWM_PulseFinishedCallback
                0x080014da        0x2 Drivers\STM32F1xx_HAL_Driver\Src\stm32f1xx_hal_tim.o
                0x080014da                HAL_TIM_PWM_PulseFinishedCallback
 .text.HAL_TIM_TriggerCallback
                0x080014dc        0x2 Drivers\STM32F1xx_HAL_Driver\Src\stm32f1xx_hal_tim.o
                0x080014dc                HAL_TIM_TriggerCallback
 .text.HAL_TIM_IRQHandler
                0x080014de      0x144 Drivers\STM32F1xx_HAL_Driver\Src\stm32f1xx_hal_tim.o
                0x080014de                HAL_TIM_IRQHandler
 *fill*         0x08001622        0x2 
 .text.TIM_Base_SetConfig
                0x08001624       0x70 Drivers\STM32F1xx_HAL_Driver\Src\stm32f1xx_hal_tim.o
                0x08001624                TIM_Base_SetConfig
 .text.HAL_TIM_Base_Init
                0x08001694       0x34 Drivers\STM32F1xx_HAL_Driver\Src\stm32f1xx_hal_tim.o
                0x08001694                HAL_TIM_Base_Init
 .text.HAL_TIM_PWM_Init
                0x080016c8       0x34 Drivers\STM32F1xx_HAL_Driver\Src\stm32f1xx_hal_tim.o
                0x080016c8                HAL_TIM_PWM_Init
 .text.TIM_OC2_SetConfig
                0x080016fc       0x58 Drivers\STM32F1xx_HAL_Driver\Src\stm32f1xx_hal_tim.o
                0x080016fc                TIM_OC2_SetConfig
 .text.HAL_TIM_PWM_ConfigChannel
                0x08001754       0xc4 Drivers\STM32F1xx_HAL_Driver\Src\stm32f1xx_hal_tim.o
                0x08001754                HAL_TIM_PWM_ConfigChannel
 .text.HAL_TIMEx_MasterConfigSynchronization
                0x08001818       0x44 Drivers\STM32F1xx_HAL_Driver\Src\stm32f1xx_hal_tim_ex.o
                0x08001818                HAL_TIMEx_MasterConfigSynchronization
 .text.HAL_TIMEx_CommutationCallback
                0x0800185c        0x2 Drivers\STM32F1xx_HAL_Driver\Src\stm32f1xx_hal_tim_ex.o
                0x0800185c                HAL_TIMEx_CommutationCallback
 .text.HAL_TIMEx_BreakCallback
                0x0800185e        0x2 Drivers\STM32F1xx_HAL_Driver\Src\stm32f1xx_hal_tim_ex.o
                0x0800185e                HAL_TIMEx_BreakCallback
 .text.osKernelStart
                0x08001860        0xa Middlewares\Third_Party\FreeRTOS\Source\CMSIS_RTOS\cmsis_os.o
                0x08001860                osKernelStart
 .text.osThreadCreate
                0x0800186a       0x32 Middlewares\Third_Party\FreeRTOS\Source\CMSIS_RTOS\cmsis_os.o
                0x0800186a                osThreadCreate
 .text.osDelay  0x0800189c       0x10 Middlewares\Third_Party\FreeRTOS\Source\CMSIS_RTOS\cmsis_os.o
                0x0800189c                osDelay
 .text.vListInitialise
                0x080018ac       0x16 Middlewares\Third_Party\FreeRTOS\Source\list.o
                0x080018ac                vListInitialise
 .text.vListInitialiseItem
                0x080018c2        0x6 Middlewares\Third_Party\FreeRTOS\Source\list.o
                0x080018c2                vListInitialiseItem
 .text.vListInsertEnd
                0x080018c8       0x18 Middlewares\Third_Party\FreeRTOS\Source\list.o
                0x080018c8                vListInsertEnd
 .text.vListInsert
                0x080018e0       0x2e Middlewares\Third_Party\FreeRTOS\Source\list.o
                0x080018e0                vListInsert
 .text.uxListRemove
                0x0800190e       0x20 Middlewares\Third_Party\FreeRTOS\Source\list.o
                0x0800190e                uxListRemove
 *fill*         0x0800192e        0x2 
 .text.prvTaskExitError
                0x08001930       0x30 Middlewares\Third_Party\FreeRTOS\Source\portable\GCC\ARM_CM3\port.o
 .text.prvPortStartFirstTask
                0x08001960       0x20 Middlewares\Third_Party\FreeRTOS\Source\portable\GCC\ARM_CM3\port.o
 .text.pxPortInitialiseStack
                0x08001980       0x24 Middlewares\Third_Party\FreeRTOS\Source\portable\GCC\ARM_CM3\port.o
                0x08001980                pxPortInitialiseStack
 *fill*         0x080019a4        0xc 
 .text.SVC_Handler
                0x080019b0       0x24 Middlewares\Third_Party\FreeRTOS\Source\portable\GCC\ARM_CM3\port.o
                0x080019b0                SVC_Handler
 .text.vPortEnterCritical
                0x080019d4       0x44 Middlewares\Third_Party\FreeRTOS\Source\portable\GCC\ARM_CM3\port.o
                0x080019d4                vPortEnterCritical
 .text.vPortExitCritical
                0x08001a18       0x28 Middlewares\Third_Party\FreeRTOS\Source\portable\GCC\ARM_CM3\port.o
                0x08001a18                vPortExitCritical
 .text.PendSV_Handler
                0x08001a40       0x44 Middlewares\Third_Party\FreeRTOS\Source\portable\GCC\ARM_CM3\port.o
                0x08001a40                PendSV_Handler
 .text.SysTick_Handler
                0x08001a84       0x2c Middlewares\Third_Party\FreeRTOS\Source\portable\GCC\ARM_CM3\port.o
                0x08001a84                SysTick_Handler
 .text.vPortSetupTimerInterrupt
                0x08001ab0       0x28 Middlewares\Third_Party\FreeRTOS\Source\portable\GCC\ARM_CM3\port.o
                0x08001ab0                vPortSetupTimerInterrupt
 .text.xPortStartScheduler
                0x08001ad8       0x94 Middlewares\Third_Party\FreeRTOS\Source\portable\GCC\ARM_CM3\port.o
                0x08001ad8                xPortStartScheduler
 .text.unlikely.prvInsertBlockIntoFreeList
                0x08001b6c       0x48 Middlewares\Third_Party\FreeRTOS\Source\portable\MemMang\heap_4.o
 .text.pvPortMalloc
                0x08001bb4      0x11c Middlewares\Third_Party\FreeRTOS\Source\portable\MemMang\heap_4.o
                0x08001bb4                pvPortMalloc
 .text.vPortFree
                0x08001cd0       0x70 Middlewares\Third_Party\FreeRTOS\Source\portable\MemMang\heap_4.o
                0x08001cd0                vPortFree
 .text.unlikely.prvCopyDataToQueue
                0x08001d40       0x66 Middlewares\Third_Party\FreeRTOS\Source\queue.o
 .text.unlikely.prvCopyDataFromQueue
                0x08001da6       0x28 Middlewares\Third_Party\FreeRTOS\Source\queue.o
 .text.prvUnlockQueue
                0x08001dce       0x70 Middlewares\Third_Party\FreeRTOS\Source\queue.o
 *fill*         0x08001e3e        0x2 
 .text.xQueueGenericReset
                0x08001e40       0x80 Middlewares\Third_Party\FreeRTOS\Source\queue.o
                0x08001e40                xQueueGenericReset
 .text.xQueueGenericCreate
                0x08001ec0       0x42 Middlewares\Third_Party\FreeRTOS\Source\queue.o
                0x08001ec0                xQueueGenericCreate
 *fill*         0x08001f02        0x2 
 .text.xQueueGenericSend
                0x08001f04      0x16c Middlewares\Third_Party\FreeRTOS\Source\queue.o
                0x08001f04                xQueueGenericSend
 .text.xQueueGenericReceive
                0x08002070      0x188 Middlewares\Third_Party\FreeRTOS\Source\queue.o
                0x08002070                xQueueGenericReceive
 .text.prvResetNextTaskUnblockTime
                0x080021f8       0x24 Middlewares\Third_Party\FreeRTOS\Source\tasks.o
 .text.prvAddCurrentTaskToDelayedList
                0x0800221c       0x8c Middlewares\Third_Party\FreeRTOS\Source\tasks.o
 .text.vTaskSetTimeOutState.part.5
                0x080022a8       0x12 Middlewares\Third_Party\FreeRTOS\Source\tasks.o
 *fill*         0x080022ba        0x2 
 .text.xTaskCreate
                0x080022bc      0x1a0 Middlewares\Third_Party\FreeRTOS\Source\tasks.o
                0x080022bc                xTaskCreate
 .text.vTaskStartScheduler
                0x0800245c       0x78 Middlewares\Third_Party\FreeRTOS\Source\tasks.o
                0x0800245c                vTaskStartScheduler
 .text.vTaskSuspendAll
                0x080024d4       0x10 Middlewares\Third_Party\FreeRTOS\Source\tasks.o
                0x080024d4                vTaskSuspendAll
 .text.xTaskIncrementTick
                0x080024e4      0x124 Middlewares\Third_Party\FreeRTOS\Source\tasks.o
                0x080024e4                xTaskIncrementTick
 .text.xTaskResumeAll
                0x08002608       0xf0 Middlewares\Third_Party\FreeRTOS\Source\tasks.o
                0x08002608                xTaskResumeAll
 .text.vTaskDelay
                0x080026f8       0x48 Middlewares\Third_Party\FreeRTOS\Source\tasks.o
                0x080026f8                vTaskDelay
 .text.prvIdleTask
                0x08002740       0x74 Middlewares\Third_Party\FreeRTOS\Source\tasks.o
 .text.vTaskSwitchContext
                0x080027b4       0x74 Middlewares\Third_Party\FreeRTOS\Source\tasks.o
                0x080027b4                vTaskSwitchContext
 .text.vTaskPlaceOnEventList
                0x08002828       0x34 Middlewares\Third_Party\FreeRTOS\Source\tasks.o
                0x08002828                vTaskPlaceOnEventList
 .text.xTaskRemoveFromEventList
                0x0800285c       0x84 Middlewares\Third_Party\FreeRTOS\Source\tasks.o
                0x0800285c                xTaskRemoveFromEventList
 .text.vTaskSetTimeOutState
                0x080028e0       0x20 Middlewares\Third_Party\FreeRTOS\Source\tasks.o
                0x080028e0                vTaskSetTimeOutState
 .text.xTaskCheckForTimeOut
                0x08002900       0x74 Middlewares\Third_Party\FreeRTOS\Source\tasks.o
                0x08002900                xTaskCheckForTimeOut
 .text.vTaskMissedYield
                0x08002974        0xc Middlewares\Third_Party\FreeRTOS\Source\tasks.o
                0x08002974                vTaskMissedYield
 .text.xTaskGetSchedulerState
                0x08002980       0x20 Middlewares\Third_Party\FreeRTOS\Source\tasks.o
                0x08002980                xTaskGetSchedulerState
 .text.vTaskPriorityInherit
                0x080029a0       0x90 Middlewares\Third_Party\FreeRTOS\Source\tasks.o
                0x080029a0                vTaskPriorityInherit
 .text.xTaskPriorityDisinherit
                0x08002a30       0xa0 Middlewares\Third_Party\FreeRTOS\Source\tasks.o
                0x08002a30                xTaskPriorityDisinherit
 .text.pvTaskIncrementMutexHeldCount
                0x08002ad0       0x18 Middlewares\Third_Party\FreeRTOS\Source\tasks.o
                0x08002ad0                pvTaskIncrementMutexHeldCount
 .text.arrowQueueInit
                0x08002ae8       0x10 Src\ArrowQueue.o
                0x08002ae8                arrowQueueInit
 .text.arrowQueueEnqueue
                0x08002af8       0x30 Src\ArrowQueue.o
                0x08002af8                arrowQueueEnqueue
 .text.arrowQueueDequeue
                0x08002b28       0x1c Src\ArrowQueue.o
                0x08002b28                arrowQueueDequeue
 .text.arrowQueuePeekTail
                0x08002b44       0x20 Src\ArrowQueue.o
                0x08002b44                arrowQueuePeekTail
 .text.arrowQueuePeekHead
                0x08002b64       0x2c Src\ArrowQueue.o
                0x08002b64                arrowQueuePeekHead
 .text.arrowQueueForEach
                0x08002b90       0x28 Src\ArrowQueue.o
                0x08002b90                arrowQueueForEach
 .text.GameControlTask
                0x08002bb8       0x68 Src\GameControl.o
                0x08002bb8                GameControlTask
 .text.GameControlSendEvent
                0x08002c20       0x24 Src\GameControl.o
                0x08002c20                GameControlSendEvent
 .text.JoystickInit
                0x08002c44       0x14 Src\Joystick.o
                0x08002c44                JoystickInit
 .text.JoystickGetPosition
                0x08002c58       0x48 Src\Joystick.o
                0x08002c58                JoystickGetPosition
 .text.JoystickTask
                0x08002ca0       0x70 Src\Joystick.o
                0x08002ca0                JoystickTask
 .text.cmd_LCD  0x08002d10       0x68 Src\NOKIA5110_fb.o
                0x08002d10                cmd_LCD
 .text.data_LCD
                0x08002d78       0x68 Src\NOKIA5110_fb.o
                0x08002d78                data_LCD
 .text.inic_LCD
                0x08002de0       0x4c Src\NOKIA5110_fb.o
                0x08002de0                inic_LCD
 .text.goto_XY  0x08002e2c       0x1c Src\NOKIA5110_fb.o
                0x08002e2c                goto_XY
 .text.escreve2fb
                0x08002e48       0x18 Src\NOKIA5110_fb.o
                0x08002e48                escreve2fb
 .text.imprime_LCD
                0x08002e60       0x1c Src\NOKIA5110_fb.o
                0x08002e60                imprime_LCD
 .text.caractere_LCD
                0x08002e7c       0x3c Src\NOKIA5110_fb.o
                0x08002e7c                caractere_LCD
 .text.string_LCD
                0x08002eb8       0x12 Src\NOKIA5110_fb.o
                0x08002eb8                string_LCD
 *fill*         0x08002eca        0x2 
 .text.limpa_LCD
                0x08002ecc       0x18 Src\NOKIA5110_fb.o
                0x08002ecc                limpa_LCD
 .text.desenha_pixel
                0x08002ee4       0x38 Src\NOKIA5110_fb.o
                0x08002ee4                desenha_pixel
 .text.desenha_fig
                0x08002f1c      0x106 Src\NOKIA5110_fb.o
                0x08002f1c                desenha_fig
 *fill*         0x08003022        0x2 
 .text.escreve_Nr_Peq
                0x08003024       0xc8 Src\NOKIA5110_fb.o
                0x08003024                escreve_Nr_Peq
 .text.desenha_fig_transparente
                0x080030ec      0x152 Src\NOKIA5110_fb.o
                0x080030ec                desenha_fig_transparente
 *fill*         0x0800323e        0x2 
 .text.init_LFSR
                0x08003240        0xc Src\PRNG_LFSR.o
                0x08003240                init_LFSR
 .text.prng_LFSR
                0x0800324c       0x24 Src\PRNG_LFSR.o
                0x0800324c                prng_LFSR
 .text.FigurasDrawLifes
                0x08003270       0x34 Src\Scenes\Figuras.o
                0x08003270                FigurasDrawLifes
 .text.FigurasDrawPoints
                0x080032a4        0xc Src\Scenes\Figuras.o
                0x080032a4                FigurasDrawPoints
 .text.GameSceneUpdateCallback
                0x080032b0        0x8 Src\Scenes\Game.o
                0x080032b0                GameSceneUpdateCallback
 .text.GameSceneDraw
                0x080032b8       0x28 Src\Scenes\Game.o
 .text.GameSceneDrawCallback
                0x080032e0       0x78 Src\Scenes\Game.o
 .text.GameSceneCreateArrow
                0x08003358       0x3a Src\Scenes\Game.o
 *fill*         0x08003392        0x2 
 .text.GameSceneUpdate
                0x08003394      0x10c Src\Scenes\Game.o
 .text.GameSceneInit
                0x080034a0       0x24 Src\Scenes\Game.o
 .text.GameOverSceneDraw
                0x080034c4        0x2 Src\Scenes\GameOver.o
 .text.GameOverSceneDestroy
                0x080034c6        0x8 Src\Scenes\GameOver.o
 .text.GameOverSceneUpdate
                0x080034ce        0xc Src\Scenes\GameOver.o
 *fill*         0x080034da        0x2 
 .text.GameOverSceneInit
                0x080034dc       0x30 Src\Scenes\GameOver.o
 .text.PauseSceneDraw
                0x0800350c        0x2 Src\Scenes\Pause.o
 .text.PauseSceneUpdate
                0x0800350e        0xc Src\Scenes\Pause.o
 *fill*         0x0800351a        0x2 
 .text.PauseSceneInit
                0x0800351c       0x30 Src\Scenes\Pause.o
 .text.StartSceneInit
                0x0800354c        0xe Src\Scenes\Start.o
 *fill*         0x0800355a        0x2 
 .text.StartSceneDraw
                0x0800355c       0x30 Src\Scenes\Start.o
 .text.StartSceneUpdate
                0x0800358c       0x20 Src\Scenes\Start.o
 .text.StateManagerInit
                0x080035ac       0x10 Src\StateManager.o
                0x080035ac                StateManagerInit
 .text.StateManagerPush
                0x080035bc       0x28 Src\StateManager.o
                0x080035bc                StateManagerPush
 .text.StateManagerTop
                0x080035e4       0x18 Src\StateManager.o
                0x080035e4                StateManagerTop
 .text.StateManagerPop
                0x080035fc       0x30 Src\StateManager.o
                0x080035fc                StateManagerPop
 .text.StateManagerUpdate
                0x0800362c       0x20 Src\StateManager.o
                0x0800362c                StateManagerUpdate
 .text.StateManagerDraw
                0x0800364c       0x1c Src\StateManager.o
                0x0800364c                StateManagerDraw
 .text.atraso_us
                0x08003668       0x12 Src\atraso.o
                0x08003668                atraso_us
 .text.StartDefaultTask
                0x0800367a        0xa Src\main.o
                0x0800367a                StartDefaultTask
 .text.HAL_ADC_ConvCpltCallback
                0x08003684       0x24 Src\main.o
                0x08003684                HAL_ADC_ConvCpltCallback
 .text.SystemClock_Config
                0x080036a8       0x70 Src\main.o
                0x080036a8                SystemClock_Config
 .text.startup.main
                0x08003718      0x208 Src\main.o
                0x08003718                main
 .text.HAL_TIM_PeriodElapsedCallback
                0x08003920       0x14 Src\main.o
                0x08003920                HAL_TIM_PeriodElapsedCallback
 .text.Error_Handler
                0x08003934        0x2 Src\main.o
                0x08003934                Error_Handler
 *fill*         0x08003936        0x2 
 .text.HAL_MspInit
                0x08003938       0x50 Src\stm32f1xx_hal_msp.o
                0x08003938                HAL_MspInit
 .text.HAL_ADC_MspInit
                0x08003988       0xa8 Src\stm32f1xx_hal_msp.o
                0x08003988                HAL_ADC_MspInit
 .text.HAL_TIM_Base_MspInit
                0x08003a30       0x24 Src\stm32f1xx_hal_msp.o
                0x08003a30                HAL_TIM_Base_MspInit
 .text.HAL_TIM_MspPostInit
                0x08003a54       0x60 Src\stm32f1xx_hal_msp.o
                0x08003a54                HAL_TIM_MspPostInit
 .text.HAL_InitTick
                0x08003ab4       0x78 Src\stm32f1xx_hal_timebase_tim.o
                0x08003ab4                HAL_InitTick
 .text.NMI_Handler
                0x08003b2c        0x2 Src\stm32f1xx_it.o
                0x08003b2c                NMI_Handler
 .text.HardFault_Handler
                0x08003b2e        0x2 Src\stm32f1xx_it.o
                0x08003b2e                HardFault_Handler
 .text.MemManage_Handler
                0x08003b30        0x2 Src\stm32f1xx_it.o
                0x08003b30                MemManage_Handler
 .text.BusFault_Handler
                0x08003b32        0x2 Src\stm32f1xx_it.o
                0x08003b32                BusFault_Handler
 .text.UsageFault_Handler
                0x08003b34        0x2 Src\stm32f1xx_it.o
                0x08003b34                UsageFault_Handler
 .text.DebugMon_Handler
                0x08003b36        0x2 Src\stm32f1xx_it.o
                0x08003b36                DebugMon_Handler
 .text.DMA1_Channel1_IRQHandler
                0x08003b38        0xc Src\stm32f1xx_it.o
                0x08003b38                DMA1_Channel1_IRQHandler
 .text.ADC1_2_IRQHandler
                0x08003b44        0xc Src\stm32f1xx_it.o
                0x08003b44                ADC1_2_IRQHandler
 .text.TIM4_IRQHandler
                0x08003b50        0xc Src\stm32f1xx_it.o
                0x08003b50                TIM4_IRQHandler
 .text.SystemInit
                0x08003b5c       0x4c Src\system_stm32f1xx.o
                0x08003b5c                SystemInit
 .text.Reset_Handler
                0x08003ba8       0x48 startup\startup_stm32f103xb.o
                0x08003ba8                Reset_Handler
 .text.Default_Handler
                0x08003bf0        0x2 startup\startup_stm32f103xb.o
                0x08003bf0                RTC_Alarm_IRQHandler
                0x08003bf0                EXTI2_IRQHandler
                0x08003bf0                TIM1_CC_IRQHandler
                0x08003bf0                PVD_IRQHandler
                0x08003bf0                EXTI3_IRQHandler
                0x08003bf0                EXTI0_IRQHandler
                0x08003bf0                I2C2_EV_IRQHandler
                0x08003bf0                SPI1_IRQHandler
                0x08003bf0                TAMPER_IRQHandler
                0x08003bf0                DMA1_Channel4_IRQHandler
                0x08003bf0                USART3_IRQHandler
                0x08003bf0                RTC_IRQHandler
                0x08003bf0                DMA1_Channel7_IRQHandler
                0x08003bf0                CAN1_RX1_IRQHandler
                0x08003bf0                I2C1_EV_IRQHandler
                0x08003bf0                DMA1_Channel6_IRQHandler
                0x08003bf0                TIM3_IRQHandler
                0x08003bf0                RCC_IRQHandler
                0x08003bf0                TIM1_TRG_COM_IRQHandler
                0x08003bf0                Default_Handler
                0x08003bf0                EXTI15_10_IRQHandler
                0x08003bf0                EXTI9_5_IRQHandler
                0x08003bf0                SPI2_IRQHandler
                0x08003bf0                DMA1_Channel5_IRQHandler
                0x08003bf0                EXTI4_IRQHandler
                0x08003bf0                USB_LP_CAN1_RX0_IRQHandler
                0x08003bf0                USB_HP_CAN1_TX_IRQHandler
                0x08003bf0                DMA1_Channel3_IRQHandler
                0x08003bf0                TIM1_UP_IRQHandler
                0x08003bf0                WWDG_IRQHandler
                0x08003bf0                TIM2_IRQHandler
                0x08003bf0                TIM1_BRK_IRQHandler
                0x08003bf0                EXTI1_IRQHandler
                0x08003bf0                USART2_IRQHandler
                0x08003bf0                I2C2_ER_IRQHandler
                0x08003bf0                DMA1_Channel2_IRQHandler
                0x08003bf0                CAN1_SCE_IRQHandler
                0x08003bf0                FLASH_IRQHandler
                0x08003bf0                USART1_IRQHandler
                0x08003bf0                I2C1_ER_IRQHandler
                0x08003bf0                USBWakeUp_IRQHandler
 *fill*         0x08003bf2        0x2 
 .text.__libc_init_array
                0x08003bf4       0x48 c:/program files (x86)/atollic/truestudio for stm32 9.2.0/armtools/bin/../lib/gcc/arm-atollic-eabi/6.3.1/../../../../arm-atollic-eabi/lib/armv7-m\libc_nano.a(lib_a-init.o)
                0x08003bf4                __libc_init_array
 .text.memcpy   0x08003c3c       0x16 c:/program files (x86)/atollic/truestudio for stm32 9.2.0/armtools/bin/../lib/gcc/arm-atollic-eabi/6.3.1/../../../../arm-atollic-eabi/lib/armv7-m\libc_nano.a(lib_a-memcpy-stub.o)
                0x08003c3c                memcpy
 .text.memset   0x08003c52       0x10 c:/program files (x86)/atollic/truestudio for stm32 9.2.0/armtools/bin/../lib/gcc/arm-atollic-eabi/6.3.1/../../../../arm-atollic-eabi/lib/armv7-m\libc_nano.a(lib_a-memset.o)
                0x08003c52                memset
 *(.glue_7)
 .glue_7        0x08003c62        0x0 linker stubs
 *(.glue_7t)
 .glue_7t       0x08003c62        0x0 linker stubs
 *(.eh_frame)
 *fill*         0x08003c62        0x2 
 .eh_frame      0x08003c64        0x0 c:/program files (x86)/atollic/truestudio for stm32 9.2.0/armtools/bin/../lib/gcc/arm-atollic-eabi/6.3.1/armv7-m/crtbegin.o
 *(.init)
 .init          0x08003c64        0x4 c:/program files (x86)/atollic/truestudio for stm32 9.2.0/armtools/bin/../lib/gcc/arm-atollic-eabi/6.3.1/armv7-m/crti.o
                0x08003c64                _init
 .init          0x08003c68        0x8 c:/program files (x86)/atollic/truestudio for stm32 9.2.0/armtools/bin/../lib/gcc/arm-atollic-eabi/6.3.1/armv7-m/crtn.o
 *(.fini)
 .fini          0x08003c70        0x4 c:/program files (x86)/atollic/truestudio for stm32 9.2.0/armtools/bin/../lib/gcc/arm-atollic-eabi/6.3.1/armv7-m/crti.o
                0x08003c70                _fini
 .fini          0x08003c74        0x8 c:/program files (x86)/atollic/truestudio for stm32 9.2.0/armtools/bin/../lib/gcc/arm-atollic-eabi/6.3.1/armv7-m/crtn.o
                0x08003c7c                . = ALIGN (0x4)
                0x08003c7c                _etext = .

.vfp11_veneer   0x08003c7c        0x0
 .vfp11_veneer  0x08003c7c        0x0 linker stubs

.v4_bx          0x08003c7c        0x0
 .v4_bx         0x08003c7c        0x0 linker stubs

.iplt           0x08003c7c        0x0
 .iplt          0x08003c7c        0x0 c:/program files (x86)/atollic/truestudio for stm32 9.2.0/armtools/bin/../lib/gcc/arm-atollic-eabi/6.3.1/armv7-m/crtbegin.o

.rodata         0x08003c7c      0x690
                0x08003c7c                . = ALIGN (0x4)
 *(.rodata)
 .rodata        0x08003c7c       0x10 Drivers\STM32F1xx_HAL_Driver\Src\stm32f1xx_hal_rcc.o
 .rodata        0x08003c8c       0x14 Src\main.o
 *(.rodata*)
 .rodata.vTaskStartScheduler.str1.1
                0x08003ca0        0x5 Middlewares\Third_Party\FreeRTOS\Source\tasks.o
 .rodata.ASCII  0x08003ca5      0x1e0 Src\NOKIA5110_fb.o
 .rodata.nr_peq
                0x08003e85       0x2c Src\NOKIA5110_fb.o
                0x08003e85                nr_peq
 .rodata.FiguraArrowDownAcesos
                0x08003eb1       0x41 Src\Scenes\Figuras.o
                0x08003eb1                FiguraArrowDownAcesos
 .rodata.FiguraArrowDownApagados
                0x08003ef2       0x41 Src\Scenes\Figuras.o
                0x08003ef2                FiguraArrowDownApagados
 .rodata.FiguraArrowLeftAcesos
                0x08003f33       0x41 Src\Scenes\Figuras.o
                0x08003f33                FiguraArrowLeftAcesos
 .rodata.FiguraArrowLeftApagados
                0x08003f74       0x41 Src\Scenes\Figuras.o
                0x08003f74                FiguraArrowLeftApagados
 .rodata.FiguraArrowRightAcesos
                0x08003fb5       0x41 Src\Scenes\Figuras.o
                0x08003fb5                FiguraArrowRightAcesos
 .rodata.FiguraArrowRightApagados
                0x08003ff6       0x41 Src\Scenes\Figuras.o
                0x08003ff6                FiguraArrowRightApagados
 .rodata.FiguraArrowUpAcesos
                0x08004037       0x41 Src\Scenes\Figuras.o
                0x08004037                FiguraArrowUpAcesos
 .rodata.FiguraArrowUpApagados
                0x08004078       0x41 Src\Scenes\Figuras.o
                0x08004078                FiguraArrowUpApagados
 .rodata.GameBackgroundImage
                0x080040b9      0x1f8 Src\Scenes\Figuras.o
                0x080040b9                GameBackgroundImage
 .rodata.StatesHeartFig
                0x080042b1        0x9 Src\Scenes\Figuras.o
                0x080042b1                StatesHeartFig
 .rodata.GameOverSceneInit.str1.1
                0x080042ba        0xa Src\Scenes\GameOver.o
 .rodata.PauseSceneInit.str1.1
                0x080042c4        0x7 Src\Scenes\Pause.o
 .rodata.StartSceneDraw.str1.1
                0x080042cb        0x6 Src\Scenes\Start.o
 .rodata.main.str1.1
                0x080042d1       0x16 Src\main.o
 .rodata.str1.1
                0x080042e7        0xc Src\main.o
 .rodata.AHBPrescTable
                0x080042f3       0x10 Src\system_stm32f1xx.o
                0x080042f3                AHBPrescTable
 .rodata.APBPrescTable
                0x08004303        0x8 Src\system_stm32f1xx.o
                0x08004303                APBPrescTable
                0x0800430c                . = ALIGN (0x4)
 *fill*         0x0800430b        0x1 

.rel.dyn        0x0800430c        0x0
 .rel.iplt      0x0800430c        0x0 c:/program files (x86)/atollic/truestudio for stm32 9.2.0/armtools/bin/../lib/gcc/arm-atollic-eabi/6.3.1/armv7-m/crtbegin.o

.ARM.extab
 *(.ARM.extab* .gnu.linkonce.armextab.*)

.ARM            0x0800430c        0x0
                0x0800430c                __exidx_start = .
 *(.ARM.exidx*)
                0x0800430c                __exidx_end = .

.preinit_array  0x0800430c        0x0
                0x0800430c                PROVIDE (__preinit_array_start, .)
 *(.preinit_array*)
                0x0800430c                PROVIDE (__preinit_array_end, .)

.init_array     0x0800430c        0x4
                0x0800430c                PROVIDE (__init_array_start, .)
 *(SORT(.init_array.*))
 *(.init_array*)
 .init_array    0x0800430c        0x4 c:/program files (x86)/atollic/truestudio for stm32 9.2.0/armtools/bin/../lib/gcc/arm-atollic-eabi/6.3.1/armv7-m/crtbegin.o
                0x08004310                PROVIDE (__init_array_end, .)

.fini_array     0x08004310        0x4
                [!provide]                PROVIDE (__fini_array_start, .)
 *(SORT(.fini_array.*))
 *(.fini_array*)
 .fini_array    0x08004310        0x4 c:/program files (x86)/atollic/truestudio for stm32 9.2.0/armtools/bin/../lib/gcc/arm-atollic-eabi/6.3.1/armv7-m/crtbegin.o
                [!provide]                PROVIDE (__fini_array_end, .)
                0x08004314                _sidata = LOADADDR (.data)

.data           0x20000000       0x4c load address 0x08004314
                0x20000000                . = ALIGN (0x4)
                0x20000000                _sdata = .
 *(.data)
 *(.data*)
 .data.uwTickFreq
                0x20000000        0x1 Drivers\STM32F1xx_HAL_Driver\Src\stm32f1xx_hal.o
                0x20000000                uwTickFreq
 *fill*         0x20000001        0x3 
 .data.uxCriticalNesting
                0x20000004        0x4 Middlewares\Third_Party\FreeRTOS\Source\portable\GCC\ARM_CM3\port.o
 .data.GameScene
                0x20000008       0x10 Src\Scenes\Game.o
                0x20000008                GameScene
 .data.GameOverScene
                0x20000018       0x10 Src\Scenes\GameOver.o
                0x20000018                GameOverScene
 .data.PauseScene
                0x20000028       0x10 Src\Scenes\Pause.o
                0x20000028                PauseScene
 .data.StartScene
                0x20000038       0x10 Src\Scenes\Start.o
                0x20000038                StartScene
 .data.SystemCoreClock
                0x20000048        0x4 Src\system_stm32f1xx.o
                0x20000048                SystemCoreClock
                0x2000004c                . = ALIGN (0x4)
                0x2000004c                _edata = .

.igot.plt       0x2000004c        0x0 load address 0x08004360
 .igot.plt      0x2000004c        0x0 c:/program files (x86)/atollic/truestudio for stm32 9.2.0/armtools/bin/../lib/gcc/arm-atollic-eabi/6.3.1/armv7-m/crtbegin.o
                0x2000004c                . = ALIGN (0x4)

.bss            0x2000004c     0x10e0 load address 0x08004360
                0x2000004c                _sbss = .
                0x2000004c                __bss_start__ = _sbss
 *(.bss)
 .bss           0x2000004c       0x1c c:/program files (x86)/atollic/truestudio for stm32 9.2.0/armtools/bin/../lib/gcc/arm-atollic-eabi/6.3.1/armv7-m/crtbegin.o
 *(.bss*)
 .bss.ucMaxSysCallPriority
                0x20000068        0x1 Middlewares\Third_Party\FreeRTOS\Source\portable\GCC\ARM_CM3\port.o
 *fill*         0x20000069        0x3 
 .bss.ulMaxPRIGROUPValue
                0x2000006c        0x4 Middlewares\Third_Party\FreeRTOS\Source\portable\GCC\ARM_CM3\port.o
 .bss.pxEnd     0x20000070        0x4 Middlewares\Third_Party\FreeRTOS\Source\portable\MemMang\heap_4.o
 .bss.ucHeap    0x20000074      0xc00 Middlewares\Third_Party\FreeRTOS\Source\portable\MemMang\heap_4.o
 .bss.xBlockAllocatedBit
                0x20000c74        0x4 Middlewares\Third_Party\FreeRTOS\Source\portable\MemMang\heap_4.o
 .bss.xFreeBytesRemaining
                0x20000c78        0x4 Middlewares\Third_Party\FreeRTOS\Source\portable\MemMang\heap_4.o
 .bss.xMinimumEverFreeBytesRemaining
                0x20000c7c        0x4 Middlewares\Third_Party\FreeRTOS\Source\portable\MemMang\heap_4.o
 .bss.xStart    0x20000c80        0x8 Middlewares\Third_Party\FreeRTOS\Source\portable\MemMang\heap_4.o
 .bss.pxCurrentTCB
                0x20000c88        0x4 Middlewares\Third_Party\FreeRTOS\Source\tasks.o
                0x20000c88                pxCurrentTCB
 .bss.pxDelayedTaskList
                0x20000c8c        0x4 Middlewares\Third_Party\FreeRTOS\Source\tasks.o
 .bss.pxOverflowDelayedTaskList
                0x20000c90        0x4 Middlewares\Third_Party\FreeRTOS\Source\tasks.o
 .bss.pxReadyTasksLists
                0x20000c94       0x8c Middlewares\Third_Party\FreeRTOS\Source\tasks.o
 .bss.uxCurrentNumberOfTasks
                0x20000d20        0x4 Middlewares\Third_Party\FreeRTOS\Source\tasks.o
 .bss.uxDeletedTasksWaitingCleanUp
                0x20000d24        0x4 Middlewares\Third_Party\FreeRTOS\Source\tasks.o
 .bss.uxPendedTicks
                0x20000d28        0x4 Middlewares\Third_Party\FreeRTOS\Source\tasks.o
 .bss.uxSchedulerSuspended
                0x20000d2c        0x4 Middlewares\Third_Party\FreeRTOS\Source\tasks.o
 .bss.uxTaskNumber
                0x20000d30        0x4 Middlewares\Third_Party\FreeRTOS\Source\tasks.o
 .bss.uxTopReadyPriority
                0x20000d34        0x4 Middlewares\Third_Party\FreeRTOS\Source\tasks.o
 .bss.xDelayedTaskList1
                0x20000d38       0x14 Middlewares\Third_Party\FreeRTOS\Source\tasks.o
 .bss.xDelayedTaskList2
                0x20000d4c       0x14 Middlewares\Third_Party\FreeRTOS\Source\tasks.o
 .bss.xIdleTaskHandle
                0x20000d60        0x4 Middlewares\Third_Party\FreeRTOS\Source\tasks.o
 .bss.xNextTaskUnblockTime
                0x20000d64        0x4 Middlewares\Third_Party\FreeRTOS\Source\tasks.o
 .bss.xNumOfOverflows
                0x20000d68        0x4 Middlewares\Third_Party\FreeRTOS\Source\tasks.o
 .bss.xPendingReadyList
                0x20000d6c       0x14 Middlewares\Third_Party\FreeRTOS\Source\tasks.o
 .bss.xSchedulerRunning
                0x20000d80        0x4 Middlewares\Third_Party\FreeRTOS\Source\tasks.o
 .bss.xSuspendedTaskList
                0x20000d84       0x14 Middlewares\Third_Party\FreeRTOS\Source\tasks.o
 .bss.xTasksWaitingTermination
                0x20000d98       0x14 Middlewares\Third_Party\FreeRTOS\Source\tasks.o
 .bss.xTickCount
                0x20000dac        0x4 Middlewares\Third_Party\FreeRTOS\Source\tasks.o
 .bss.xYieldPending
                0x20000db0        0x4 Middlewares\Third_Party\FreeRTOS\Source\tasks.o
 .bss.queue     0x20000db4       0x4c Src\ArrowQueue.o
 .bss.GameControlQueueHandle
                0x20000e00        0x4 Src\GameControl.o
 .bss.fb        0x20000e04      0x1f8 Src\NOKIA5110_fb.o
 .bss.indice_fb
                0x20000ffc        0x4 Src\NOKIA5110_fb.o
 .bss.StateManager
                0x20001000       0x18 Src\StateManager.o
 .bss.ADC_buffer
                0x20001018        0x4 Src\main.o
 .bss.valor_ADC
                0x2000101c        0x8 Src\main.o
 *(COMMON)
 COMMON         0x20001024        0x4 Drivers\STM32F1xx_HAL_Driver\Src\stm32f1xx_hal.o
                0x20001024                uwTick
 COMMON         0x20001028        0x8 Src\Joystick.o
                0x20001028                JoystickXBuffer
                0x2000102c                JoystickYBuffer
 COMMON         0x20001030        0x4 Src\PRNG_LFSR.o
                0x20001030                lfsr
 COMMON         0x20001034       0xb8 Src\main.o
                0x20001034                defaultTaskHandle
                0x20001038                hadc1
                0x20001068                hdma_adc1
                0x200010ac                htim2
 COMMON         0x200010ec       0x40 Src\stm32f1xx_hal_timebase_tim.o
                0x200010ec                htim4
                0x2000112c                . = ALIGN (0x4)
                0x2000112c                _ebss = .
                0x2000112c                __bss_end__ = _ebss

._user_heap_stack
                0x2000112c      0x600 load address 0x08004360
                0x2000112c                . = ALIGN (0x4)
                0x2000112c                PROVIDE (end, .)
                [!provide]                PROVIDE (_end, .)
                0x2000132c                . = (. + _Min_Heap_Size)
 *fill*         0x2000112c      0x200 
                0x2000172c                . = (. + _Min_Stack_Size)
 *fill*         0x2000132c      0x400 
                0x2000172c                . = ALIGN (0x4)

/DISCARD/
 libc.a(*)
 libm.a(*)
 libgcc.a(*)

.ARM.attributes
                0x00000000       0x29
 *(.ARM.attributes)
 .ARM.attributes
                0x00000000       0x1d c:/program files (x86)/atollic/truestudio for stm32 9.2.0/armtools/bin/../lib/gcc/arm-atollic-eabi/6.3.1/armv7-m/crti.o
 .ARM.attributes
                0x0000001d       0x2d c:/program files (x86)/atollic/truestudio for stm32 9.2.0/armtools/bin/../lib/gcc/arm-atollic-eabi/6.3.1/armv7-m/crtbegin.o
 .ARM.attributes
                0x0000004a       0x33 Drivers\STM32F1xx_HAL_Driver\Src\stm32f1xx_hal.o
 .ARM.attributes
                0x0000007d       0x33 Drivers\STM32F1xx_HAL_Driver\Src\stm32f1xx_hal_adc.o
 .ARM.attributes
                0x000000b0       0x33 Drivers\STM32F1xx_HAL_Driver\Src\stm32f1xx_hal_adc_ex.o
 .ARM.attributes
                0x000000e3       0x33 Drivers\STM32F1xx_HAL_Driver\Src\stm32f1xx_hal_cortex.o
 .ARM.attributes
                0x00000116       0x33 Drivers\STM32F1xx_HAL_Driver\Src\stm32f1xx_hal_dma.o
 .ARM.attributes
                0x00000149       0x33 Drivers\STM32F1xx_HAL_Driver\Src\stm32f1xx_hal_gpio.o
 .ARM.attributes
                0x0000017c       0x33 Drivers\STM32F1xx_HAL_Driver\Src\stm32f1xx_hal_rcc.o
 .ARM.attributes
                0x000001af       0x33 Drivers\STM32F1xx_HAL_Driver\Src\stm32f1xx_hal_rcc_ex.o
 .ARM.attributes
                0x000001e2       0x33 Drivers\STM32F1xx_HAL_Driver\Src\stm32f1xx_hal_tim.o
 .ARM.attributes
                0x00000215       0x33 Drivers\STM32F1xx_HAL_Driver\Src\stm32f1xx_hal_tim_ex.o
 .ARM.attributes
                0x00000248       0x33 Middlewares\Third_Party\FreeRTOS\Source\CMSIS_RTOS\cmsis_os.o
 .ARM.attributes
                0x0000027b       0x33 Middlewares\Third_Party\FreeRTOS\Source\list.o
 .ARM.attributes
                0x000002ae       0x33 Middlewares\Third_Party\FreeRTOS\Source\portable\GCC\ARM_CM3\port.o
 .ARM.attributes
                0x000002e1       0x33 Middlewares\Third_Party\FreeRTOS\Source\portable\MemMang\heap_4.o
 .ARM.attributes
                0x00000314       0x33 Middlewares\Third_Party\FreeRTOS\Source\queue.o
 .ARM.attributes
                0x00000347       0x33 Middlewares\Third_Party\FreeRTOS\Source\tasks.o
 .ARM.attributes
                0x0000037a       0x33 Src\ArrowQueue.o
 .ARM.attributes
                0x000003ad       0x33 Src\GameControl.o
 .ARM.attributes
                0x000003e0       0x33 Src\Joystick.o
 .ARM.attributes
                0x00000413       0x33 Src\NOKIA5110_fb.o
 .ARM.attributes
                0x00000446       0x33 Src\PRNG_LFSR.o
 .ARM.attributes
                0x00000479       0x33 Src\Scenes\Figuras.o
 .ARM.attributes
                0x000004ac       0x33 Src\Scenes\Game.o
 .ARM.attributes
                0x000004df       0x33 Src\Scenes\GameOver.o
 .ARM.attributes
                0x00000512       0x33 Src\Scenes\Pause.o
 .ARM.attributes
                0x00000545       0x33 Src\Scenes\Start.o
 .ARM.attributes
                0x00000578       0x33 Src\StateManager.o
 .ARM.attributes
                0x000005ab       0x33 Src\atraso.o
 .ARM.attributes
                0x000005de       0x33 Src\main.o
 .ARM.attributes
                0x00000611       0x33 Src\stm32f1xx_hal_msp.o
 .ARM.attributes
                0x00000644       0x33 Src\stm32f1xx_hal_timebase_tim.o
 .ARM.attributes
                0x00000677       0x33 Src\stm32f1xx_it.o
 .ARM.attributes
                0x000006aa       0x33 Src\system_stm32f1xx.o
 .ARM.attributes
                0x000006dd       0x21 startup\startup_stm32f103xb.o
 .ARM.attributes
                0x000006fe       0x2d c:/program files (x86)/atollic/truestudio for stm32 9.2.0/armtools/bin/../lib/gcc/arm-atollic-eabi/6.3.1/../../../../arm-atollic-eabi/lib/armv7-m\libc_nano.a(lib_a-init.o)
 .ARM.attributes
                0x0000072b       0x2d c:/program files (x86)/atollic/truestudio for stm32 9.2.0/armtools/bin/../lib/gcc/arm-atollic-eabi/6.3.1/../../../../arm-atollic-eabi/lib/armv7-m\libc_nano.a(lib_a-memcpy-stub.o)
 .ARM.attributes
                0x00000758       0x2d c:/program files (x86)/atollic/truestudio for stm32 9.2.0/armtools/bin/../lib/gcc/arm-atollic-eabi/6.3.1/../../../../arm-atollic-eabi/lib/armv7-m\libc_nano.a(lib_a-memset.o)
 .ARM.attributes
                0x00000785       0x1d c:/program files (x86)/atollic/truestudio for stm32 9.2.0/armtools/bin/../lib/gcc/arm-atollic-eabi/6.3.1/armv7-m/crtn.o
OUTPUT(JoystickRevolution.elf elf32-littlearm)

.debug_info     0x00000000    0x25fdd
 .debug_info    0x00000000      0xfc8 Drivers\STM32F1xx_HAL_Driver\Src\stm32f1xx_hal.o
 .debug_info    0x00000fc8     0x16a1 Drivers\STM32F1xx_HAL_Driver\Src\stm32f1xx_hal_adc.o
 .debug_info    0x00002669     0x138b Drivers\STM32F1xx_HAL_Driver\Src\stm32f1xx_hal_adc_ex.o
 .debug_info    0x000039f4     0x14a9 Drivers\STM32F1xx_HAL_Driver\Src\stm32f1xx_hal_cortex.o
 .debug_info    0x00004e9d     0x1047 Drivers\STM32F1xx_HAL_Driver\Src\stm32f1xx_hal_dma.o
 .debug_info    0x00005ee4      0xec2 Drivers\STM32F1xx_HAL_Driver\Src\stm32f1xx_hal_gpio.o
 .debug_info    0x00006da6     0x123d Drivers\STM32F1xx_HAL_Driver\Src\stm32f1xx_hal_rcc.o
 .debug_info    0x00007fe3      0xc9d Drivers\STM32F1xx_HAL_Driver\Src\stm32f1xx_hal_rcc_ex.o
 .debug_info    0x00008c80     0x3bb9 Drivers\STM32F1xx_HAL_Driver\Src\stm32f1xx_hal_tim.o
 .debug_info    0x0000c839     0x1989 Drivers\STM32F1xx_HAL_Driver\Src\stm32f1xx_hal_tim_ex.o
 .debug_info    0x0000e1c2     0x2500 Middlewares\Third_Party\FreeRTOS\Source\CMSIS_RTOS\cmsis_os.o
 .debug_info    0x000106c2      0xac0 Middlewares\Third_Party\FreeRTOS\Source\list.o
 .debug_info    0x00011182      0x4ca Middlewares\Third_Party\FreeRTOS\Source\portable\GCC\ARM_CM3\port.o
 .debug_info    0x0001164c      0xca5 Middlewares\Third_Party\FreeRTOS\Source\portable\MemMang\heap_4.o
 .debug_info    0x000122f1     0x1fdf Middlewares\Third_Party\FreeRTOS\Source\queue.o
 .debug_info    0x000142d0     0x2993 Middlewares\Third_Party\FreeRTOS\Source\tasks.o
 .debug_info    0x00016c63      0x1f9 Src\ArrowQueue.o
 .debug_info    0x00016e5c      0xd6c Src\GameControl.o
 .debug_info    0x00017bc8      0xc29 Src\Joystick.o
 .debug_info    0x000187f1     0x18a2 Src\NOKIA5110_fb.o
 .debug_info    0x0001a093      0x8fb Src\PRNG_LFSR.o
 .debug_info    0x0001a98e      0xd15 Src\Scenes\Figuras.o
 .debug_info    0x0001b6a3     0x1074 Src\Scenes\Game.o
 .debug_info    0x0001c717      0xd08 Src\Scenes\GameOver.o
 .debug_info    0x0001d41f      0xcd6 Src\Scenes\Pause.o
 .debug_info    0x0001e0f5      0xf96 Src\Scenes\Start.o
 .debug_info    0x0001f08b      0xafd Src\StateManager.o
 .debug_info    0x0001fb88       0xe7 Src\atraso.o
 .debug_info    0x0001fc6f     0x1df8 Src\main.o
 .debug_info    0x00021a67     0x162a Src\stm32f1xx_hal_msp.o
 .debug_info    0x00023091     0x11bc Src\stm32f1xx_hal_timebase_tim.o
 .debug_info    0x0002424d     0x10c1 Src\stm32f1xx_it.o
 .debug_info    0x0002530e      0xc4d Src\system_stm32f1xx.o
 .debug_info    0x00025f5b       0x82 startup\startup_stm32f103xb.o

.debug_abbrev   0x00000000     0x56bf
 .debug_abbrev  0x00000000      0x315 Drivers\STM32F1xx_HAL_Driver\Src\stm32f1xx_hal.o
 .debug_abbrev  0x00000315      0x2fb Drivers\STM32F1xx_HAL_Driver\Src\stm32f1xx_hal_adc.o
 .debug_abbrev  0x00000610      0x296 Drivers\STM32F1xx_HAL_Driver\Src\stm32f1xx_hal_adc_ex.o
 .debug_abbrev  0x000008a6      0x399 Drivers\STM32F1xx_HAL_Driver\Src\stm32f1xx_hal_cortex.o
 .debug_abbrev  0x00000c3f      0x29e Drivers\STM32F1xx_HAL_Driver\Src\stm32f1xx_hal_dma.o
 .debug_abbrev  0x00000edd      0x268 Drivers\STM32F1xx_HAL_Driver\Src\stm32f1xx_hal_gpio.o
 .debug_abbrev  0x00001145      0x367 Drivers\STM32F1xx_HAL_Driver\Src\stm32f1xx_hal_rcc.o
 .debug_abbrev  0x000014ac      0x277 Drivers\STM32F1xx_HAL_Driver\Src\stm32f1xx_hal_rcc_ex.o
 .debug_abbrev  0x00001723      0x3bb Drivers\STM32F1xx_HAL_Driver\Src\stm32f1xx_hal_tim.o
 .debug_abbrev  0x00001ade      0x30d Drivers\STM32F1xx_HAL_Driver\Src\stm32f1xx_hal_tim_ex.o
 .debug_abbrev  0x00001deb      0x468 Middlewares\Third_Party\FreeRTOS\Source\CMSIS_RTOS\cmsis_os.o
 .debug_abbrev  0x00002253      0x1e3 Middlewares\Third_Party\FreeRTOS\Source\list.o
 .debug_abbrev  0x00002436      0x249 Middlewares\Third_Party\FreeRTOS\Source\portable\GCC\ARM_CM3\port.o
 .debug_abbrev  0x0000267f      0x314 Middlewares\Third_Party\FreeRTOS\Source\portable\MemMang\heap_4.o
 .debug_abbrev  0x00002993      0x3b6 Middlewares\Third_Party\FreeRTOS\Source\queue.o
 .debug_abbrev  0x00002d49      0x419 Middlewares\Third_Party\FreeRTOS\Source\tasks.o
 .debug_abbrev  0x00003162      0x151 Src\ArrowQueue.o
 .debug_abbrev  0x000032b3      0x243 Src\GameControl.o
 .debug_abbrev  0x000034f6      0x264 Src\Joystick.o
 .debug_abbrev  0x0000375a      0x32a Src\NOKIA5110_fb.o
 .debug_abbrev  0x00003a84      0x1a9 Src\PRNG_LFSR.o
 .debug_abbrev  0x00003c2d      0x22a Src\Scenes\Figuras.o
 .debug_abbrev  0x00003e57      0x2d7 Src\Scenes\Game.o
 .debug_abbrev  0x0000412e      0x236 Src\Scenes\GameOver.o
 .debug_abbrev  0x00004364      0x225 Src\Scenes\Pause.o
 .debug_abbrev  0x00004589      0x23f Src\Scenes\Start.o
 .debug_abbrev  0x000047c8      0x250 Src\StateManager.o
 .debug_abbrev  0x00004a18       0x78 Src\atraso.o
 .debug_abbrev  0x00004a90      0x349 Src\main.o
 .debug_abbrev  0x00004dd9      0x27c Src\stm32f1xx_hal_msp.o
 .debug_abbrev  0x00005055      0x258 Src\stm32f1xx_hal_timebase_tim.o
 .debug_abbrev  0x000052ad      0x215 Src\stm32f1xx_it.o
 .debug_abbrev  0x000054c2      0x1eb Src\system_stm32f1xx.o
 .debug_abbrev  0x000056ad       0x12 startup\startup_stm32f103xb.o

.debug_loc      0x00000000     0xadf0
 .debug_loc     0x00000000      0x11b Drivers\STM32F1xx_HAL_Driver\Src\stm32f1xx_hal.o
 .debug_loc     0x0000011b      0x873 Drivers\STM32F1xx_HAL_Driver\Src\stm32f1xx_hal_adc.o
 .debug_loc     0x0000098e      0x769 Drivers\STM32F1xx_HAL_Driver\Src\stm32f1xx_hal_adc_ex.o
 .debug_loc     0x000010f7      0x46b Drivers\STM32F1xx_HAL_Driver\Src\stm32f1xx_hal_cortex.o
 .debug_loc     0x00001562      0x5d1 Drivers\STM32F1xx_HAL_Driver\Src\stm32f1xx_hal_dma.o
 .debug_loc     0x00001b33      0x36a Drivers\STM32F1xx_HAL_Driver\Src\stm32f1xx_hal_gpio.o
 .debug_loc     0x00001e9d      0x4c3 Drivers\STM32F1xx_HAL_Driver\Src\stm32f1xx_hal_rcc.o
 .debug_loc     0x00002360      0x29d Drivers\STM32F1xx_HAL_Driver\Src\stm32f1xx_hal_rcc_ex.o
 .debug_loc     0x000025fd     0x300c Drivers\STM32F1xx_HAL_Driver\Src\stm32f1xx_hal_tim.o
 .debug_loc     0x00005609      0x822 Drivers\STM32F1xx_HAL_Driver\Src\stm32f1xx_hal_tim_ex.o
 .debug_loc     0x00005e2b     0x102d Middlewares\Third_Party\FreeRTOS\Source\CMSIS_RTOS\cmsis_os.o
 .debug_loc     0x00006e58       0x94 Middlewares\Third_Party\FreeRTOS\Source\list.o
 .debug_loc     0x00006eec       0xce Middlewares\Third_Party\FreeRTOS\Source\portable\GCC\ARM_CM3\port.o
 .debug_loc     0x00006fba      0x390 Middlewares\Third_Party\FreeRTOS\Source\portable\MemMang\heap_4.o
 .debug_loc     0x0000734a      0xe0c Middlewares\Third_Party\FreeRTOS\Source\queue.o
 .debug_loc     0x00008156     0x123d Middlewares\Third_Party\FreeRTOS\Source\tasks.o
 .debug_loc     0x00009393       0xd0 Src\ArrowQueue.o
 .debug_loc     0x00009463       0x52 Src\GameControl.o
 .debug_loc     0x000094b5      0x1ad Src\Joystick.o
 .debug_loc     0x00009662     0x1045 Src\NOKIA5110_fb.o
 .debug_loc     0x0000a6a7       0x23 Src\PRNG_LFSR.o
 .debug_loc     0x0000a6ca       0x5e Src\Scenes\Figuras.o
 .debug_loc     0x0000a728      0x17f Src\Scenes\Game.o
 .debug_loc     0x0000a8a7       0x80 Src\Scenes\GameOver.o
 .debug_loc     0x0000a927       0x80 Src\Scenes\Pause.o
 .debug_loc     0x0000a9a7      0x104 Src\Scenes\Start.o
 .debug_loc     0x0000aaab       0xc8 Src\StateManager.o
 .debug_loc     0x0000ab73       0x4d Src\main.o
 .debug_loc     0x0000abc0       0xbe Src\stm32f1xx_hal_msp.o
 .debug_loc     0x0000ac7e       0xa5 Src\stm32f1xx_hal_timebase_tim.o
 .debug_loc     0x0000ad23       0xcd Src\system_stm32f1xx.o

.debug_aranges  0x00000000     0x1078
 .debug_aranges
                0x00000000       0xc8 Drivers\STM32F1xx_HAL_Driver\Src\stm32f1xx_hal.o
 .debug_aranges
                0x000000c8       0xc8 Drivers\STM32F1xx_HAL_Driver\Src\stm32f1xx_hal_adc.o
 .debug_aranges
                0x00000190       0x80 Drivers\STM32F1xx_HAL_Driver\Src\stm32f1xx_hal_adc_ex.o
 .debug_aranges
                0x00000210       0x90 Drivers\STM32F1xx_HAL_Driver\Src\stm32f1xx_hal_cortex.o
 .debug_aranges
                0x000002a0       0x78 Drivers\STM32F1xx_HAL_Driver\Src\stm32f1xx_hal_dma.o
 .debug_aranges
                0x00000318       0x58 Drivers\STM32F1xx_HAL_Driver\Src\stm32f1xx_hal_gpio.o
 .debug_aranges
                0x00000370       0x88 Drivers\STM32F1xx_HAL_Driver\Src\stm32f1xx_hal_rcc.o
 .debug_aranges
                0x000003f8       0x30 Drivers\STM32F1xx_HAL_Driver\Src\stm32f1xx_hal_rcc_ex.o
 .debug_aranges
                0x00000428      0x250 Drivers\STM32F1xx_HAL_Driver\Src\stm32f1xx_hal_tim.o
 .debug_aranges
                0x00000678       0xe8 Drivers\STM32F1xx_HAL_Driver\Src\stm32f1xx_hal_tim_ex.o
 .debug_aranges
                0x00000760      0x190 Middlewares\Third_Party\FreeRTOS\Source\CMSIS_RTOS\cmsis_os.o
 .debug_aranges
                0x000008f0       0x40 Middlewares\Third_Party\FreeRTOS\Source\list.o
 .debug_aranges
                0x00000930       0x78 Middlewares\Third_Party\FreeRTOS\Source\portable\GCC\ARM_CM3\port.o
 .debug_aranges
                0x000009a8       0x48 Middlewares\Third_Party\FreeRTOS\Source\portable\MemMang\heap_4.o
 .debug_aranges
                0x000009f0       0xc0 Middlewares\Third_Party\FreeRTOS\Source\queue.o
 .debug_aranges
                0x00000ab0      0x170 Middlewares\Third_Party\FreeRTOS\Source\tasks.o
 .debug_aranges
                0x00000c20       0x48 Src\ArrowQueue.o
 .debug_aranges
                0x00000c68       0x28 Src\GameControl.o
 .debug_aranges
                0x00000c90       0x30 Src\Joystick.o
 .debug_aranges
                0x00000cc0       0xa8 Src\NOKIA5110_fb.o
 .debug_aranges
                0x00000d68       0x28 Src\PRNG_LFSR.o
 .debug_aranges
                0x00000d90       0x28 Src\Scenes\Figuras.o
 .debug_aranges
                0x00000db8       0x48 Src\Scenes\Game.o
 .debug_aranges
                0x00000e00       0x38 Src\Scenes\GameOver.o
 .debug_aranges
                0x00000e38       0x30 Src\Scenes\Pause.o
 .debug_aranges
                0x00000e68       0x30 Src\Scenes\Start.o
 .debug_aranges
                0x00000e98       0x48 Src\StateManager.o
 .debug_aranges
                0x00000ee0       0x30 Src\atraso.o
 .debug_aranges
                0x00000f10       0x48 Src\main.o
 .debug_aranges
                0x00000f58       0x48 Src\stm32f1xx_hal_msp.o
 .debug_aranges
                0x00000fa0       0x30 Src\stm32f1xx_hal_timebase_tim.o
 .debug_aranges
                0x00000fd0       0x58 Src\stm32f1xx_it.o
 .debug_aranges
                0x00001028       0x28 Src\system_stm32f1xx.o
 .debug_aranges
                0x00001050       0x28 startup\startup_stm32f103xb.o

.debug_ranges   0x00000000     0x14a8
 .debug_ranges  0x00000000       0xb8 Drivers\STM32F1xx_HAL_Driver\Src\stm32f1xx_hal.o
 .debug_ranges  0x000000b8       0xb8 Drivers\STM32F1xx_HAL_Driver\Src\stm32f1xx_hal_adc.o
 .debug_ranges  0x00000170       0x70 Drivers\STM32F1xx_HAL_Driver\Src\stm32f1xx_hal_adc_ex.o
 .debug_ranges  0x000001e0      0x128 Drivers\STM32F1xx_HAL_Driver\Src\stm32f1xx_hal_cortex.o
 .debug_ranges  0x00000308       0xa8 Drivers\STM32F1xx_HAL_Driver\Src\stm32f1xx_hal_dma.o
 .debug_ranges  0x000003b0       0x60 Drivers\STM32F1xx_HAL_Driver\Src\stm32f1xx_hal_gpio.o
 .debug_ranges  0x00000410       0xa0 Drivers\STM32F1xx_HAL_Driver\Src\stm32f1xx_hal_rcc.o
 .debug_ranges  0x000004b0       0x40 Drivers\STM32F1xx_HAL_Driver\Src\stm32f1xx_hal_rcc_ex.o
 .debug_ranges  0x000004f0      0x340 Drivers\STM32F1xx_HAL_Driver\Src\stm32f1xx_hal_tim.o
 .debug_ranges  0x00000830       0xd8 Drivers\STM32F1xx_HAL_Driver\Src\stm32f1xx_hal_tim_ex.o
 .debug_ranges  0x00000908      0x198 Middlewares\Third_Party\FreeRTOS\Source\CMSIS_RTOS\cmsis_os.o
 .debug_ranges  0x00000aa0       0x30 Middlewares\Third_Party\FreeRTOS\Source\list.o
 .debug_ranges  0x00000ad0       0x80 Middlewares\Third_Party\FreeRTOS\Source\portable\GCC\ARM_CM3\port.o
 .debug_ranges  0x00000b50       0x38 Middlewares\Third_Party\FreeRTOS\Source\portable\MemMang\heap_4.o
 .debug_ranges  0x00000b88      0x1a0 Middlewares\Third_Party\FreeRTOS\Source\queue.o
 .debug_ranges  0x00000d28      0x288 Middlewares\Third_Party\FreeRTOS\Source\tasks.o
 .debug_ranges  0x00000fb0       0x38 Src\ArrowQueue.o
 .debug_ranges  0x00000fe8       0x30 Src\GameControl.o
 .debug_ranges  0x00001018       0x20 Src\Joystick.o
 .debug_ranges  0x00001038       0x98 Src\NOKIA5110_fb.o
 .debug_ranges  0x000010d0       0x18 Src\PRNG_LFSR.o
 .debug_ranges  0x000010e8       0x18 Src\Scenes\Figuras.o
 .debug_ranges  0x00001100       0x38 Src\Scenes\Game.o
 .debug_ranges  0x00001138       0x28 Src\Scenes\GameOver.o
 .debug_ranges  0x00001160       0x20 Src\Scenes\Pause.o
 .debug_ranges  0x00001180       0x20 Src\Scenes\Start.o
 .debug_ranges  0x000011a0       0x38 Src\StateManager.o
 .debug_ranges  0x000011d8       0x20 Src\atraso.o
 .debug_ranges  0x000011f8      0x118 Src\main.o
 .debug_ranges  0x00001310       0xd0 Src\stm32f1xx_hal_msp.o
 .debug_ranges  0x000013e0       0x48 Src\stm32f1xx_hal_timebase_tim.o
 .debug_ranges  0x00001428       0x48 Src\stm32f1xx_it.o
 .debug_ranges  0x00001470       0x18 Src\system_stm32f1xx.o
 .debug_ranges  0x00001488       0x20 startup\startup_stm32f103xb.o

.debug_line     0x00000000     0xa616
 .debug_line    0x00000000      0x45f Drivers\STM32F1xx_HAL_Driver\Src\stm32f1xx_hal.o
 .debug_line    0x0000045f      0x86c Drivers\STM32F1xx_HAL_Driver\Src\stm32f1xx_hal_adc.o
 .debug_line    0x00000ccb      0x72b Drivers\STM32F1xx_HAL_Driver\Src\stm32f1xx_hal_adc_ex.o
 .debug_line    0x000013f6      0x469 Drivers\STM32F1xx_HAL_Driver\Src\stm32f1xx_hal_cortex.o
 .debug_line    0x0000185f      0x68f Drivers\STM32F1xx_HAL_Driver\Src\stm32f1xx_hal_dma.o
 .debug_line    0x00001eee      0x45e Drivers\STM32F1xx_HAL_Driver\Src\stm32f1xx_hal_gpio.o
 .debug_line    0x0000234c      0x639 Drivers\STM32F1xx_HAL_Driver\Src\stm32f1xx_hal_rcc.o
 .debug_line    0x00002985      0x3cc Drivers\STM32F1xx_HAL_Driver\Src\stm32f1xx_hal_rcc_ex.o
 .debug_line    0x00002d51     0x115f Drivers\STM32F1xx_HAL_Driver\Src\stm32f1xx_hal_tim.o
 .debug_line    0x00003eb0      0x701 Drivers\STM32F1xx_HAL_Driver\Src\stm32f1xx_hal_tim_ex.o
 .debug_line    0x000045b1      0x8da Middlewares\Third_Party\FreeRTOS\Source\CMSIS_RTOS\cmsis_os.o
 .debug_line    0x00004e8b      0x363 Middlewares\Third_Party\FreeRTOS\Source\list.o
 .debug_line    0x000051ee      0x315 Middlewares\Third_Party\FreeRTOS\Source\portable\GCC\ARM_CM3\port.o
 .debug_line    0x00005503      0x40c Middlewares\Third_Party\FreeRTOS\Source\portable\MemMang\heap_4.o
 .debug_line    0x0000590f      0x814 Middlewares\Third_Party\FreeRTOS\Source\queue.o
 .debug_line    0x00006123      0xbb6 Middlewares\Third_Party\FreeRTOS\Source\tasks.o
 .debug_line    0x00006cd9       0xe5 Src\ArrowQueue.o
 .debug_line    0x00006dbe      0x3d8 Src\GameControl.o
 .debug_line    0x00007196      0x3a5 Src\Joystick.o
 .debug_line    0x0000753b      0x795 Src\NOKIA5110_fb.o
 .debug_line    0x00007cd0      0x1d5 Src\PRNG_LFSR.o
 .debug_line    0x00007ea5      0x32b Src\Scenes\Figuras.o
 .debug_line    0x000081d0      0x3f0 Src\Scenes\Game.o
 .debug_line    0x000085c0      0x33b Src\Scenes\GameOver.o
 .debug_line    0x000088fb      0x328 Src\Scenes\Pause.o
 .debug_line    0x00008c23      0x339 Src\Scenes\Start.o
 .debug_line    0x00008f5c      0x243 Src\StateManager.o
 .debug_line    0x0000919f      0x145 Src\atraso.o
 .debug_line    0x000092e4      0x59b Src\main.o
 .debug_line    0x0000987f      0x3d3 Src\stm32f1xx_hal_msp.o
 .debug_line    0x00009c52      0x345 Src\stm32f1xx_hal_timebase_tim.o
 .debug_line    0x00009f97      0x343 Src\stm32f1xx_it.o
 .debug_line    0x0000a2da      0x2bf Src\system_stm32f1xx.o
 .debug_line    0x0000a599       0x7d startup\startup_stm32f103xb.o

.debug_str      0x00000000     0x5e62
 .debug_str     0x00000000      0xbd1 Drivers\STM32F1xx_HAL_Driver\Src\stm32f1xx_hal.o
                                0xc78 (size before relaxing)
 .debug_str     0x00000bd1      0x62b Drivers\STM32F1xx_HAL_Driver\Src\stm32f1xx_hal_adc.o
                                0xd94 (size before relaxing)
 .debug_str     0x000011fc      0x291 Drivers\STM32F1xx_HAL_Driver\Src\stm32f1xx_hal_adc_ex.o
                                0xd47 (size before relaxing)
 .debug_str     0x0000148d      0x2d8 Drivers\STM32F1xx_HAL_Driver\Src\stm32f1xx_hal_cortex.o
                                0xda0 (size before relaxing)
 .debug_str     0x00001765      0x220 Drivers\STM32F1xx_HAL_Driver\Src\stm32f1xx_hal_dma.o
                                0xb04 (size before relaxing)
 .debug_str     0x00001985      0x1ca Drivers\STM32F1xx_HAL_Driver\Src\stm32f1xx_hal_gpio.o
                                0x90d (size before relaxing)
 .debug_str     0x00001b4f      0x317 Drivers\STM32F1xx_HAL_Driver\Src\stm32f1xx_hal_rcc.o
                                0xaeb (size before relaxing)
 .debug_str     0x00001e66      0x110 Drivers\STM32F1xx_HAL_Driver\Src\stm32f1xx_hal_rcc_ex.o
                                0x8c8 (size before relaxing)
 .debug_str     0x00001f76      0xf05 Drivers\STM32F1xx_HAL_Driver\Src\stm32f1xx_hal_tim.o
                               0x183c (size before relaxing)
 .debug_str     0x00002e7b      0x4f1 Drivers\STM32F1xx_HAL_Driver\Src\stm32f1xx_hal_tim_ex.o
                               0x10de (size before relaxing)
 .debug_str     0x0000336c      0xb2f Middlewares\Third_Party\FreeRTOS\Source\CMSIS_RTOS\cmsis_os.o
                               0x11e9 (size before relaxing)
 .debug_str     0x00003e9b      0x159 Middlewares\Third_Party\FreeRTOS\Source\list.o
                                0x73a (size before relaxing)
 .debug_str     0x00003ff4      0x20e Middlewares\Third_Party\FreeRTOS\Source\portable\GCC\ARM_CM3\port.o
                                0x455 (size before relaxing)
 .debug_str     0x00004202      0x1e8 Middlewares\Third_Party\FreeRTOS\Source\portable\MemMang\heap_4.o
                                0x823 (size before relaxing)
 .debug_str     0x000043ea      0x46d Middlewares\Third_Party\FreeRTOS\Source\queue.o
                                0xd33 (size before relaxing)
 .debug_str     0x00004857      0x6f3 Middlewares\Third_Party\FreeRTOS\Source\tasks.o
                               0x1235 (size before relaxing)
 .debug_str     0x00004f4a      0x106 Src\ArrowQueue.o
                                0x21d (size before relaxing)
 .debug_str     0x00005050      0x310 Src\GameControl.o
                                0xa19 (size before relaxing)
 .debug_str     0x00005360      0x14e Src\Joystick.o
                                0x912 (size before relaxing)
 .debug_str     0x000054ae      0x182 Src\NOKIA5110_fb.o
                                0x89b (size before relaxing)
 .debug_str     0x00005630       0x2c Src\PRNG_LFSR.o
                                0x5e1 (size before relaxing)
 .debug_str     0x0000565c       0x53 Src\Scenes\Figuras.o
                                0x977 (size before relaxing)
 .debug_str     0x000056af       0xd4 Src\Scenes\Game.o
                                0xb43 (size before relaxing)
 .debug_str     0x00005783       0x6f Src\Scenes\GameOver.o
                                0x9d4 (size before relaxing)
 .debug_str     0x000057f2       0x45 Src\Scenes\Pause.o
                                0x9aa (size before relaxing)
 .debug_str     0x00005837      0x356 Src\Scenes\Start.o
                                0xcbc (size before relaxing)
 .debug_str     0x00005b8d       0x39 Src\StateManager.o
                                0x773 (size before relaxing)
 .debug_str     0x00005bc6       0x27 Src\atraso.o
                                0x1b0 (size before relaxing)
 .debug_str     0x00005bed       0xfd Src\main.o
                               0x15c6 (size before relaxing)
 .debug_str     0x00005cea       0x25 Src\stm32f1xx_hal_msp.o
                               0x102a (size before relaxing)
 .debug_str     0x00005d0f       0x50 Src\stm32f1xx_hal_timebase_tim.o
                                0xef0 (size before relaxing)
 .debug_str     0x00005d5f       0xb6 Src\stm32f1xx_it.o
                                0xc37 (size before relaxing)
 .debug_str     0x00005e15       0x4d Src\system_stm32f1xx.o
                                0x776 (size before relaxing)

.comment        0x00000000       0x7c
 .comment       0x00000000       0x7c Drivers\STM32F1xx_HAL_Driver\Src\stm32f1xx_hal.o
                                 0x7d (size before relaxing)
 .comment       0x0000007c       0x7d Drivers\STM32F1xx_HAL_Driver\Src\stm32f1xx_hal_adc.o
 .comment       0x0000007c       0x7d Drivers\STM32F1xx_HAL_Driver\Src\stm32f1xx_hal_adc_ex.o
 .comment       0x0000007c       0x7d Drivers\STM32F1xx_HAL_Driver\Src\stm32f1xx_hal_cortex.o
 .comment       0x0000007c       0x7d Drivers\STM32F1xx_HAL_Driver\Src\stm32f1xx_hal_dma.o
 .comment       0x0000007c       0x7d Drivers\STM32F1xx_HAL_Driver\Src\stm32f1xx_hal_gpio.o
 .comment       0x0000007c       0x7d Drivers\STM32F1xx_HAL_Driver\Src\stm32f1xx_hal_rcc.o
 .comment       0x0000007c       0x7d Drivers\STM32F1xx_HAL_Driver\Src\stm32f1xx_hal_rcc_ex.o
 .comment       0x0000007c       0x7d Drivers\STM32F1xx_HAL_Driver\Src\stm32f1xx_hal_tim.o
 .comment       0x0000007c       0x7d Drivers\STM32F1xx_HAL_Driver\Src\stm32f1xx_hal_tim_ex.o
 .comment       0x0000007c       0x7d Middlewares\Third_Party\FreeRTOS\Source\CMSIS_RTOS\cmsis_os.o
 .comment       0x0000007c       0x7d Middlewares\Third_Party\FreeRTOS\Source\list.o
 .comment       0x0000007c       0x7d Middlewares\Third_Party\FreeRTOS\Source\portable\GCC\ARM_CM3\port.o
 .comment       0x0000007c       0x7d Middlewares\Third_Party\FreeRTOS\Source\portable\MemMang\heap_4.o
 .comment       0x0000007c       0x7d Middlewares\Third_Party\FreeRTOS\Source\queue.o
 .comment       0x0000007c       0x7d Middlewares\Third_Party\FreeRTOS\Source\tasks.o
 .comment       0x0000007c       0x7d Src\ArrowQueue.o
 .comment       0x0000007c       0x7d Src\GameControl.o
 .comment       0x0000007c       0x7d Src\Joystick.o
 .comment       0x0000007c       0x7d Src\NOKIA5110_fb.o
 .comment       0x0000007c       0x7d Src\PRNG_LFSR.o
 .comment       0x0000007c       0x7d Src\Scenes\Figuras.o
 .comment       0x0000007c       0x7d Src\Scenes\Game.o
 .comment       0x0000007c       0x7d Src\Scenes\GameOver.o
 .comment       0x0000007c       0x7d Src\Scenes\Pause.o
 .comment       0x0000007c       0x7d Src\Scenes\Start.o
 .comment       0x0000007c       0x7d Src\StateManager.o
 .comment       0x0000007c       0x7d Src\atraso.o
 .comment       0x0000007c       0x7d Src\main.o
 .comment       0x0000007c       0x7d Src\stm32f1xx_hal_msp.o
 .comment       0x0000007c       0x7d Src\stm32f1xx_hal_timebase_tim.o
 .comment       0x0000007c       0x7d Src\stm32f1xx_it.o
 .comment       0x0000007c       0x7d Src\system_stm32f1xx.o

.debug_frame    0x00000000     0x2d4c
 .debug_frame   0x00000000      0x1b0 Drivers\STM32F1xx_HAL_Driver\Src\stm32f1xx_hal.o
 .debug_frame   0x000001b0      0x298 Drivers\STM32F1xx_HAL_Driver\Src\stm32f1xx_hal_adc.o
 .debug_frame   0x00000448      0x170 Drivers\STM32F1xx_HAL_Driver\Src\stm32f1xx_hal_adc_ex.o
 .debug_frame   0x000005b8      0x120 Drivers\STM32F1xx_HAL_Driver\Src\stm32f1xx_hal_cortex.o
 .debug_frame   0x000006d8      0x144 Drivers\STM32F1xx_HAL_Driver\Src\stm32f1xx_hal_dma.o
 .debug_frame   0x0000081c       0xd4 Drivers\STM32F1xx_HAL_Driver\Src\stm32f1xx_hal_gpio.o
 .debug_frame   0x000008f0      0x150 Drivers\STM32F1xx_HAL_Driver\Src\stm32f1xx_hal_rcc.o
 .debug_frame   0x00000a40       0x6c Drivers\STM32F1xx_HAL_Driver\Src\stm32f1xx_hal_rcc_ex.o
 .debug_frame   0x00000aac      0x854 Drivers\STM32F1xx_HAL_Driver\Src\stm32f1xx_hal_tim.o
 .debug_frame   0x00001300      0x320 Drivers\STM32F1xx_HAL_Driver\Src\stm32f1xx_hal_tim_ex.o
 .debug_frame   0x00001620      0x4d4 Middlewares\Third_Party\FreeRTOS\Source\CMSIS_RTOS\cmsis_os.o
 .debug_frame   0x00001af4       0x6c Middlewares\Third_Party\FreeRTOS\Source\list.o
 .debug_frame   0x00001b60       0xe0 Middlewares\Third_Party\FreeRTOS\Source\portable\GCC\ARM_CM3\port.o
 .debug_frame   0x00001c40       0x98 Middlewares\Third_Party\FreeRTOS\Source\portable\MemMang\heap_4.o
 .debug_frame   0x00001cd8      0x264 Middlewares\Third_Party\FreeRTOS\Source\queue.o
 .debug_frame   0x00001f3c      0x4ac Middlewares\Third_Party\FreeRTOS\Source\tasks.o
 .debug_frame   0x000023e8       0x8c Src\ArrowQueue.o
 .debug_frame   0x00002474       0x48 Src\GameControl.o
 .debug_frame   0x000024bc       0x50 Src\Joystick.o
 .debug_frame   0x0000250c      0x260 Src\NOKIA5110_fb.o
 .debug_frame   0x0000276c       0x30 Src\PRNG_LFSR.o
 .debug_frame   0x0000279c       0x44 Src\Scenes\Figuras.o
 .debug_frame   0x000027e0       0xc0 Src\Scenes\Game.o
 .debug_frame   0x000028a0       0x5c Src\Scenes\GameOver.o
 .debug_frame   0x000028fc       0x4c Src\Scenes\Pause.o
 .debug_frame   0x00002948       0x4c Src\Scenes\Start.o
 .debug_frame   0x00002994       0xa0 Src\StateManager.o
 .debug_frame   0x00002a34       0x40 Src\atraso.o
 .debug_frame   0x00002a74       0x94 Src\main.o
 .debug_frame   0x00002b08       0xb0 Src\stm32f1xx_hal_msp.o
 .debug_frame   0x00002bb8       0x50 Src\stm32f1xx_hal_timebase_tim.o
 .debug_frame   0x00002c08       0xa0 Src\stm32f1xx_it.o
 .debug_frame   0x00002ca8       0x30 Src\system_stm32f1xx.o
 .debug_frame   0x00002cd8       0x2c c:/program files (x86)/atollic/truestudio for stm32 9.2.0/armtools/bin/../lib/gcc/arm-atollic-eabi/6.3.1/../../../../arm-atollic-eabi/lib/armv7-m\libc_nano.a(lib_a-init.o)
 .debug_frame   0x00002d04       0x28 c:/program files (x86)/atollic/truestudio for stm32 9.2.0/armtools/bin/../lib/gcc/arm-atollic-eabi/6.3.1/../../../../arm-atollic-eabi/lib/armv7-m\libc_nano.a(lib_a-memcpy-stub.o)
 .debug_frame   0x00002d2c       0x20 c:/program files (x86)/atollic/truestudio for stm32 9.2.0/armtools/bin/../lib/gcc/arm-atollic-eabi/6.3.1/../../../../arm-atollic-eabi/lib/armv7-m\libc_nano.a(lib_a-memset.o)
